=====================================================================
CluMiner CRYSTAL23 worker - execution and retrieval
=====================================================================
Calculation type      : CRYSTAL
Job ID                : 145
Job name              : cry-mgo_fullopt
Submit directory      : /home/users/gulian/data/rames_laboratory/lab03
Working directory     : /home/users/gulian/data/rames_laboratory/lab03
Node list             : node04
Nodes                 : 1
MPI ranks/node        : 1
Total MPI tasks       : 1
CPUs per MPI task     : 2
Physical cores/node   : 2 used / 16 available
Physical cores/rank   : 2
OpenMP threads/rank   : 2
Hyper-Threading       : disabled
Execution mode        : MPI + OpenMP
Node sharing          : shared when resources permit
Memory policy         : Slurm partition DefMemPerCPU
Input                 : /home/users/gulian/data/rames_laboratory/lab03/mgo_fullopt.d12
Output prefix         : /home/users/gulian/data/rames_laboratory/lab03/mgo_fullopt
Restart prefix        : none
MODULEPATH            : /opt/apps/modulefiles
CRYSTAL module        : crystal/23/1.0.1
Executable            : /opt/apps/crystal/23/1.0.1/bin/PcrystalOMP
mpirun                : /opt/intel/oneapi/mpi/2021.18/bin/mpirun
Intel MPI debug       : disabled
Keep scratch          : no
Scratch directory     : /scratch/gulian/crystal23/145
=====================================================================

[stage 1/7] Creating node-local scratch directories...
node04	READY	/scratch/gulian/crystal23/145

[stage 2/7] Verifying scratch readiness on every allocated node...
Scratch ready nodes    : 1/1
Ready node list        : node04
Scratch staging barrier: PASS

[stage 3/7] Staging CRYSTAL input and auxiliary files on every allocated node...
Files selected         : 2
  CRYSTAL input                        : /home/users/gulian/data/rames_laboratory/lab03/mgo_fullopt.d12 -> INPUT
  external geometry (.gui -> fort.34)  : /home/users/gulian/data/rames_laboratory/lab03/mgo_fullopt.gui -> fort.34
node04	STAGED	/scratch/gulian/crystal23/145

[stage 4/7] Verifying staged files on every allocated node...
Files ready nodes      : 1/1
Files ready node list  : node04
File staging barrier   : PASS

[stage 5/7] Staging the executable on every allocated node...
Executable             : PcrystalOMP
Executable ready nodes : 1/1
Executable barrier     : PASS

[stage 6/7] Running CRYSTAL...
Execution mode        : MPI + OpenMP
MPI ranks             : 1
MPI ranks/node        : 1
OpenMP threads/rank   : 2
OMP_STACKSIZE         : 16M
OMP_PLACES            : cores
OMP_PROC_BIND         : spread
I_MPI_PIN_CELL        : core
I_MPI_PIN_DOMAIN      : 2:compact
I_MPI_DEBUG           : disabled
Executable            : /scratch/gulian/crystal23/145/PcrystalOMP

--------------------------- CRYSTAL INPUT ---------------------------
MgO - PBE/POB-TZVP-REV2 - full geometry optimization
CRYSTAL
0 0 0
225
4.212
2
12 0.0 0.0 0.0
8  0.5 0.5 0.5
OPTGEOM
FULLOPTG
TOLDEG
0.00001
TOLDEX
0.00004
TOLDEE
8
PRINTFORCES
END
BASISSET
POB-TZVP-REV2
DFT
PBE
END
TOLINTEG
8 8 8 8 16
TOLDEE
8
SHRINK
6 6
END

------------------------- END CRYSTAL INPUT -------------------------

PcrystalOMP start          : 2026-10-03 10:55:36 +0200

 PROCESS            0  OF            1  WORKING
 Default number of threads is:            2

         
 *******************************************************************************
 *                                                                             *
 *                               CRYSTAL23                                     *
 *                      public : 1.0.1 - October 2022                          *
 *                       HTTP://WWW.CRYSTAL.UNITO.IT                           *
 *                                                                             *
 *                              MAIN AUTHORS                                   *
 *                                                                             *
 *  R. DOVESI(1,11), V.R. SAUNDERS(2), C. ROETTI(1,11), R. ORLANDO(1,11),      *
 *  C.M. ZICOVICH-WILSON(1,3), F. PASCALE(4), B. CIVALLERI(1,11),              *
 *  K. DOLL(5), N.M. HARRISON(6), I.J. BUSH(7), Ph. D'ARCO(8),                 *
 *  M. LLUNELL(9), M. CAUSA'(10), Y. NOEL(8), L. MASCHIO(1,11), A. ERBA(1,11)  *
 *  M. RE'RAT(14), S. CASASSA(1,11), B.G. SEARLE(2), J.K. DESMARAIS(1)         *
 *                                                                             *
 *        CONTRIBUTIONS TO THE CODE HAVE ALSO BEEN GIVEN BY                    *
 *                                                                             *
 *  M. FERRABONE(1,11), M. DE LA PIERRE(1,11), M. FERRERO(1,11),               *
 *  J. BAIMA(1,11), E. ALBANESE(1,11), M.F. PEINTINGER(12), R. BAST(13),       *
 *  B. KIRTMAN(15), V. LACIVITA(1,11), R. DEMICHELIS(1,16)                     *
 *  G. BRANDEBURG(17), S. SALUSTRO(1,11), G. SANSONE(1,11)                     *
 *  M.T. RUGGIERO(18), L.E. DAGA(1), L. DONA'(1), A. COSSARD(1)                *
 *                                                                             *
 * (1) THEORETICAL CHEMISTRY GROUP - UNIVERSITA' DI TORINO - TORINO (ITALY)    *
 * (2) SCIENTIFIC COMPUTING DEPARTMENT - STFC DARESBURY (UK)                   *
 * (3) UNIVERSIDAD AUTONOMA DEL ESTADO DE MORELOS - CUERNAVACA (MEXICO)        *
 * (4) UNIVERSITE' DE LORRAINE - NANCY (FRANCE)                                *
 * (5) UNIVERSITAET STUTTGART- STUTTGART (GERMANY)                             *
 * (6) IMPERIAL COLLEGE - LONDON (UK)                                          *
 * (7) SCIENTIFIC COMPUTING DEPARTMENT - STFC RAL (UK)                         *
 * (8) UPMC - SORBONNE UNIVERSITES - PARIS (FRANCE)                            *
 * (9) UNIVERSIDAD DE BARCELONA - BARCELONA (SPAIN)                            *
 *(10) UNIVERSITA' DI NAPOLI "FEDERICO II" - NAPOLI (ITALY)                    *
 *(11) NIS - NANOSTRUCTURED INTERFACES AND SURFACES - TORINO (ITALY)           *
 *(12) MPI FUER CHEMISCHE ENERGIEKONVERSION - MUELHEIM AN DER RUHR (GERMANY)   *
 *(13) UNIVERSITY OF TROMSO - TROMSO (NORWAY)                                  *
 *(14) UNIVERSITE' DE PAU ET DES PAYS DE L'ADOUR - PAU (FRANCE)                *
 *(15) UNIVERSITY OF CALIFORNIA SANTA BARBARA - SANTA BARBARA (USA)            *
 *(16) CURTIN UNIVERSITY - PERTH (AUSTRALIA)                                   *
 *(17) UNIVERSITY COLLEGE LONDON - LONDON (UK)                                 *
 *(18) UNIVERSITY OF VERMONT - BURLINGTON (USA)                                *
 *                                                                             *
 *******************************************************************************
 EEEEEEEEEE STARTING  DATE 03 10 2026 TIME 10:55:36.6
 MgO - PBE/POB-TZVP-REV2 - full geometry optimization                            

 CRYSTAL CALCULATION
 (INPUT ACCORDING TO THE INTERNATIONAL TABLES FOR X-RAY CRYSTALLOGRAPHY)
 CRYSTAL FAMILY                       :  CUBIC       
 CRYSTAL CLASS  (GROTH - 1921)        :  CUBIC HEXAKISOCTAHEDRAL              

 SPACE GROUP (CENTROSYMMETRIC)        :  F M 3 M         

 LATTICE PARAMETERS  (ANGSTROMS AND DEGREES) - CONVENTIONAL CELL
        A           B           C        ALPHA        BETA       GAMMA
     4.21200     4.21200     4.21200    90.00000    90.00000    90.00000


 NUMBER OF IRREDUCIBLE ATOMS IN THE CONVENTIONAL CELL:    2

 INPUT COORDINATES

 ATOM AT. N.              COORDINATES
   1  12     0.000000000000E+00  0.000000000000E+00  0.000000000000E+00
   2   8     5.000000000000E-01  5.000000000000E-01  5.000000000000E-01

 *******************************************************************************

 << INFORMATION >>: FROM NOW ON, ALL COORDINATES REFER TO THE PRIMITIVE CELL

 *******************************************************************************

 LATTICE PARAMETERS  (ANGSTROMS AND DEGREES) - PRIMITIVE CELL
       A          B          C        ALPHA      BETA     GAMMA        VOLUME
    2.97833    2.97833    2.97833    60.00000  60.00000  60.00000     18.681214

 COORDINATES OF THE EQUIVALENT ATOMS (FRACTIONAL UNITS)

 N. ATOM EQUIV AT. N.          X                  Y                  Z

   1   1   1   12 MG    0.00000000000E+00  0.00000000000E+00  0.00000000000E+00

   2   2   1    8 O    -5.00000000000E-01 -5.00000000000E-01 -5.00000000000E-01

 NUMBER OF SYMMETRY OPERATORS         :   48
 *******************************************************************************
 * GEOMETRY EDITING - INPUT COORDINATES ARE GIVEN IN ANGSTROM         
 *******************************************************************************

 GEOMETRY NOW FULLY CONSISTENT WITH THE GROUP
 INFORMATION **** NEW DEFAULT **** FINALRUN 4 FOR GEOMETRY OPTIMIZATIONS
 INFORMATION **** NEW DEFAULT **** OPTGEOM OPTIMIZES BOTH ATOMIC COORDINATES AND CELL PARAMETERS
 INFORMATION **** NEW DEFAULT **** TOL. ON ATOMIC DISP TO REDEFINE REF. GEOMETRY: 0.8 Angs
 INFORMATION **** NEW DEFAULT **** N POINTS TO REDEFINE REF. GEOMETRY: N OF OPT DEGS OF FREEDOM
 INFORMATION **** NEW DEFAULT **** TOL. ON ENERGY TO REDEFINE REF. GEOMETRY: 10**-3*(5*N. ATOMS)
 INFORMATION **** FULLOPTG **** FULL OPTIMIZATION (ATOMS AND CELL PARAMETERS)
 INFORMATION **** TOLDEG **** MODIFY CONVERGENCE CRITERIUM FOR RMS GRADIENT  3.000000E-04
 INFORMATION **** TOLDEX ****  CONVERGENCE CRITERIUM FOR RMS DISPLACEMENT MODIFIED  4.000000E-05
 INFORMATION **** TOLDEE **** CONVERGENCE CRITERIUM FOR ENERGY MODIFIED: 10**-           8
 INFORMATION **** OPTGEOM ****  PRINTFORCES

 IMPORTANT INFORMATION:
 THE COORDINATE SYSTEM ADOPTED IN THE OPTIMIZATION IS NOT IN
 GENERAL HOMOGENEOUS UNITS. FOR THIS REASON THE GRADIENT AND 
 HESSIAN MATRIX IN TERMS OF THIS SYSTEM ARE GIVEN WITHOUT
 UNITS. FOR MORE DETAILS SEE THE MANUAL.

 *******************************************************************************
 COMBINED CELL/ATOM OPTIMIZATION CONTROL

 INITIAL TRUST RADIUS         0.50000 MAXIMUM TRUST RADIUS               4.00000
 MAXIMUM GRADIENT COMPONENT   0.00002 MAXIMUM DISPLACEMENT COMPONENT     0.00006
 R.M.S. OF GRADIENT COMPONENT 0.00001 R.M.S. OF DISPLACEMENT COMPONENTS  0.00004
 THRESHOLD ON ENERGY CHANGE 0.100E-07 EXTRAPOLATING POLYNOMIAL ORDER           2
 MAXIMUM ALLOWED NUMBER OF STEPS   -1 SORTING OF ENERGY POINTS:               NO
 ANALYTICAL  GRADIENT                 HESSIAN UPDATING                      BFGS
 STEP SIZE NUMERICAL GRADIENT 0.00100
 INITIAL HESSIAN MATRIX: SCHLEGEL MODEL 2
 *******************************************************************************


 GCALCO - MAX INDICES DIRECT LATTICE VECTOR    14    14    14
 NO.OF VECTORS CREATED 6999 STARS  105 RMAX    59.56364 BOHR

 GEOMETRY FOR WAVE FUNCTION - DIMENSIONALITY OF THE SYSTEM    3
 (NON PERIODIC DIRECTION: LATTICE PARAMETER FORMALLY SET TO 500)
 *******************************************************************************
 LATTICE PARAMETERS (ANGSTROMS AND DEGREES) - BOHR = 0.5291772083 ANGSTROM
 PRIMITIVE CELL - CENTRING CODE 5/0 VOLUME=    18.681214 - DENSITY  3.554 g/cm^3
         A              B              C           ALPHA      BETA       GAMMA 
     2.97833376     2.97833376     2.97833376    60.000000  60.000000  60.000000
 *******************************************************************************
 ATOMS IN THE ASYMMETRIC UNIT    2 - ATOMS IN THE UNIT CELL:    2
     ATOM                 X/A                 Y/B                 Z/C    
 *******************************************************************************
      1 T  12 MG    0.000000000000E+00  0.000000000000E+00  0.000000000000E+00
      2 T   8 O    -5.000000000000E-01  5.000000000000E-01  5.000000000000E-01

 TRANSFORMATION MATRIX PRIMITIVE-CRYSTALLOGRAPHIC CELL
 -1.0000  1.0000  1.0000  1.0000 -1.0000  1.0000  1.0000  1.0000 -1.0000

 *******************************************************************************
 CRYSTALLOGRAPHIC CELL (VOLUME=         74.72485613)
         A              B              C           ALPHA      BETA       GAMMA 
     4.21200000     4.21200000     4.21200000    90.000000  90.000000  90.000000

 COORDINATES IN THE CRYSTALLOGRAPHIC CELL
     ATOM                 X/A                 Y/B                 Z/C    
 *******************************************************************************
      1 T  12 MG    0.000000000000E+00  0.000000000000E+00  0.000000000000E+00
      2 T   8 O     5.000000000000E-01  5.000000000000E-01  5.000000000000E-01

 T = ATOM BELONGING TO THE ASYMMETRIC UNIT

 ****   48 SYMMOPS - TRANSLATORS IN FRACTIONAL UNITS
 **** MATRICES AND TRANSLATORS IN THE CRYSTALLOGRAPHIC REFERENCE FRAME
   V INV                    ROTATION MATRICES                   TRANSLATORS
   1   1  1.00  0.00  0.00  0.00  1.00  0.00  0.00  0.00  1.00  0.00  0.00  0.00
   2   2  0.00  1.00 -0.00  1.00  0.00  0.00 -1.00 -1.00 -1.00  0.00  0.00  0.00
   3   3 -1.00 -1.00 -1.00 -0.00 -0.00  1.00  0.00  1.00 -0.00  0.00  0.00  0.00
   4   4 -0.00 -0.00  1.00 -1.00 -1.00 -1.00  1.00  0.00  0.00  0.00  0.00  0.00
   5   6  0.00  0.00  1.00  1.00 -0.00  0.00 -0.00  1.00 -0.00  0.00  0.00  0.00
   6   5  0.00  1.00  0.00 -0.00  0.00  1.00  1.00 -0.00 -0.00  0.00  0.00  0.00
   7   8  1.00 -0.00  0.00  0.00  0.00  1.00 -1.00 -1.00 -1.00  0.00  0.00  0.00
   8   7  1.00 -0.00 -0.00 -1.00 -1.00 -1.00  0.00  1.00  0.00  0.00  0.00  0.00
   9  10 -1.00 -1.00 -1.00 -0.00  1.00 -0.00  1.00 -0.00  0.00  0.00  0.00  0.00
  10   9 -0.00  0.00  1.00  0.00  1.00  0.00 -1.00 -1.00 -1.00  0.00  0.00  0.00
  11  12 -0.00  1.00 -0.00 -1.00 -1.00 -1.00  0.00  0.00  1.00  0.00  0.00  0.00
  12  11 -1.00 -1.00 -1.00  1.00 -0.00 -0.00 -0.00  0.00  1.00  0.00  0.00  0.00
  13  13 -0.00 -1.00 -0.00 -1.00 -0.00  0.00  0.00  0.00 -1.00  0.00  0.00  0.00
  14  14 -1.00 -0.00  0.00 -0.00 -1.00 -0.00  1.00  1.00  1.00  0.00  0.00  0.00
  15  16  0.00  0.00 -1.00  1.00  1.00  1.00 -0.00 -1.00 -0.00  0.00  0.00  0.00
  16  15  1.00  1.00  1.00  0.00  0.00 -1.00 -1.00 -0.00  0.00  0.00  0.00  0.00
  17  17 -1.00 -0.00 -0.00 -0.00  0.00 -1.00  0.00 -1.00  0.00  0.00  0.00  0.00
  18  18 -0.00 -0.00 -1.00  0.00 -1.00 -0.00 -1.00  0.00  0.00  0.00  0.00  0.00
  19  21 -0.00  0.00 -1.00 -1.00 -0.00 -0.00  1.00  1.00  1.00  0.00  0.00  0.00
  20  22  1.00  1.00  1.00 -1.00  0.00  0.00  0.00 -1.00 -0.00  0.00  0.00  0.00
  21  19  0.00 -1.00  0.00  1.00  1.00  1.00 -1.00 -0.00 -0.00  0.00  0.00  0.00
  22  20  0.00 -1.00 -0.00 -0.00 -0.00 -1.00  1.00  1.00  1.00  0.00  0.00  0.00
  23  23  1.00  1.00  1.00  0.00 -1.00  0.00 -0.00  0.00 -1.00  0.00  0.00  0.00
  24  24 -1.00  0.00  0.00  1.00  1.00  1.00 -0.00 -0.00 -1.00  0.00  0.00  0.00
  25  25 -1.00 -0.00 -0.00 -0.00 -1.00  0.00  0.00  0.00 -1.00  0.00  0.00  0.00
  26  26 -0.00 -1.00  0.00 -1.00 -0.00 -0.00  1.00  1.00  1.00  0.00  0.00  0.00
  27  27  1.00  1.00  1.00  0.00  0.00 -1.00 -0.00 -1.00  0.00  0.00  0.00  0.00
  28  28  0.00  0.00 -1.00  1.00  1.00  1.00 -1.00 -0.00 -0.00  0.00  0.00  0.00
  29  30 -0.00 -0.00 -1.00 -1.00  0.00 -0.00  0.00 -1.00  0.00  0.00  0.00  0.00
  30  29 -0.00 -1.00 -0.00  0.00 -0.00 -1.00 -1.00  0.00  0.00  0.00  0.00  0.00
  31  32 -1.00  0.00 -0.00 -0.00 -0.00 -1.00  1.00  1.00  1.00  0.00  0.00  0.00
  32  31 -1.00  0.00  0.00  1.00  1.00  1.00 -0.00 -1.00 -0.00  0.00  0.00  0.00
  33  34  1.00  1.00  1.00  0.00 -1.00  0.00 -1.00  0.00 -0.00  0.00  0.00  0.00
  34  33  0.00 -0.00 -1.00 -0.00 -1.00 -0.00  1.00  1.00  1.00  0.00  0.00  0.00
  35  36  0.00 -1.00  0.00  1.00  1.00  1.00 -0.00 -0.00 -1.00  0.00  0.00  0.00
  36  35  1.00  1.00  1.00 -1.00  0.00  0.00  0.00 -0.00 -1.00  0.00  0.00  0.00
  37  37  0.00  1.00  0.00  1.00  0.00 -0.00 -0.00 -0.00  1.00  0.00  0.00  0.00
  38  38  1.00  0.00 -0.00  0.00  1.00  0.00 -1.00 -1.00 -1.00  0.00  0.00  0.00
  39  40 -0.00 -0.00  1.00 -1.00 -1.00 -1.00  0.00  1.00  0.00  0.00  0.00  0.00
  40  39 -1.00 -1.00 -1.00 -0.00 -0.00  1.00  1.00  0.00 -0.00  0.00  0.00  0.00
  41  41  1.00  0.00  0.00  0.00 -0.00  1.00 -0.00  1.00 -0.00  0.00  0.00  0.00
  42  42  0.00  0.00  1.00 -0.00  1.00  0.00  1.00 -0.00 -0.00  0.00  0.00  0.00
  43  45  0.00 -0.00  1.00  1.00  0.00  0.00 -1.00 -1.00 -1.00  0.00  0.00  0.00
  44  46 -1.00 -1.00 -1.00  1.00 -0.00 -0.00 -0.00  1.00  0.00  0.00  0.00  0.00
  45  43 -0.00  1.00 -0.00 -1.00 -1.00 -1.00  1.00  0.00  0.00  0.00  0.00  0.00
  46  44 -0.00  1.00  0.00  0.00  0.00  1.00 -1.00 -1.00 -1.00  0.00  0.00  0.00
  47  47 -1.00 -1.00 -1.00 -0.00  1.00 -0.00  0.00 -0.00  1.00  0.00  0.00  0.00
  48  48  1.00 -0.00 -0.00 -1.00 -1.00 -1.00  0.00  0.00  1.00  0.00  0.00  0.00

 DIRECT LATTICE VECTORS CARTESIAN COMPONENTS (ANGSTROM)
          X                    Y                    Z
   0.000000000000E+00   0.210600000000E+01   0.210600000000E+01
   0.210600000000E+01   0.000000000000E+00   0.210600000000E+01
   0.210600000000E+01   0.210600000000E+01   0.000000000000E+00


 CARTESIAN COORDINATES - PRIMITIVE CELL
 *******************************************************************************
 *      ATOM          X(ANGSTROM)         Y(ANGSTROM)         Z(ANGSTROM)
 *******************************************************************************
    1    12 MG    0.000000000000E+00  0.000000000000E+00  0.000000000000E+00
    2     8 O     2.106000000000E+00  2.106000000000E+00  2.106000000000E+00

 *******************************************************************************
 STARTING BASIS SET HANDLING 
 *******************************************************************************

 Loading internal basis set: POB-TZVP-REV2       

 Please cite in your publication:
 D. Vilela Oliveira, M. F. Peintinger, J. Laun, and T. Bredow, J. Comput. Chem.,
  40 (2019)                                                                     
                                                                                
                    
 J. Laun, and T. Bredow, J. Comput. Chem., 42 (2021)                            
                                                                                
                                                                                
                    
 J. Laun, and T. Bredow, J. Comput. Chem., 43 (2022)                            
                                                                                
                                                                                
                    

 *******************************************************************************
 LOCAL ATOMIC FUNCTIONS BASIS SET
 *******************************************************************************
   ATOM   X(AU)   Y(AU)   Z(AU)  N. TYPE  EXPONENT  S COEF   P COEF   D/F/G COEF
 *******************************************************************************
   1 MG   0.000   0.000   0.000
                                  1 S  
                                         3.144E+04 6.091E-04 0.000E+00 0.000E+00
                                         4.716E+03 4.707E-03 0.000E+00 0.000E+00
                                         1.073E+03 2.414E-02 0.000E+00 0.000E+00
                                         3.036E+02 9.363E-02 0.000E+00 0.000E+00
                                         9.863E+01 2.665E-01 0.000E+00 0.000E+00
                                         3.494E+01 4.789E-01 0.000E+00 0.000E+00
                                         1.286E+01 3.370E-01 0.000E+00 0.000E+00
                                  2 S  
                                         6.488E+01 1.918E-02 0.000E+00 0.000E+00
                                         1.973E+01 9.091E-02 0.000E+00 0.000E+00
                                         2.895E+00-3.956E-01 0.000E+00 0.000E+00
                                  3 S  
                                         1.196E+00 1.683E+00 0.000E+00 0.000E+00
                                         5.433E-01 5.214E-01 0.000E+00 0.000E+00
                                  4 S  
                                         8.347E-01 1.000E+00 0.000E+00 0.000E+00
                                  5 S  
                                         1.451E-01 1.000E+00 0.000E+00 0.000E+00
                           6-     8 P  
                                         1.799E+02 0.000E+00 5.380E-03 0.000E+00
                                         4.212E+01 0.000E+00 3.932E-02 0.000E+00
                                         1.312E+01 0.000E+00 1.574E-01 0.000E+00
                                         4.626E+00 0.000E+00 3.592E-01 0.000E+00
                                         1.670E+00 0.000E+00 4.553E-01 0.000E+00
                           9-    11 P  
                                         5.663E-01 0.000E+00 1.000E+00 0.000E+00
                          12-    14 P  
                                         1.881E-01 0.000E+00 1.000E+00 0.000E+00
                          15-    19 D  
                                         2.936E-01 0.000E+00 0.000E+00 1.000E+00
   2 O    3.980   3.980   3.980
                                 20 S  
                                         2.703E+04 2.173E-04 0.000E+00 0.000E+00
                                         4.052E+03 1.684E-03 0.000E+00 0.000E+00
                                         9.223E+02 8.740E-03 0.000E+00 0.000E+00
                                         2.612E+02 3.524E-02 0.000E+00 0.000E+00
                                         8.535E+01 1.115E-01 0.000E+00 0.000E+00
                                         3.104E+01 2.559E-01 0.000E+00 0.000E+00
                                 21 S  
                                         1.226E+01 3.977E-01 0.000E+00 0.000E+00
                                         4.999E+00 2.463E-01 0.000E+00 0.000E+00
                                 22 S  
                                         1.099E+00 1.000E+00 0.000E+00 0.000E+00
                                 23 S  
                                         3.566E-01 1.000E+00 0.000E+00 0.000E+00
                          24-    26 P  
                                         6.327E+01 0.000E+00 6.069E-03 0.000E+00
                                         1.463E+01 0.000E+00 4.191E-02 0.000E+00
                                         4.450E+00 0.000E+00 1.615E-01 0.000E+00
                                         1.528E+00 0.000E+00 3.571E-01 0.000E+00
                          27-    29 P  
                                         5.490E-01 0.000E+00 1.000E+00 0.000E+00
                          30-    32 P  
                                         1.859E-01 0.000E+00 1.000E+00 0.000E+00
                          33-    37 D  
                                         4.535E-01 0.000E+00 0.000E+00 1.000E+00

 *******************************************************************************
 FINISHED BASIS SET HANDLING 
 *******************************************************************************

 INFORMATION **** SET_MPP **** PCRYSTAL CALCULATION
 INFORMATION **** READM2 **** NEW DEFAULT: FOCK/KS MATRIX MIXING SET TO 30 %
 INFORMATION **** READM2 **** NEW DEFAULT: FULL DIRECT SCF MODE
 INFORMATION **** READM2 **** NEW DEFAULT: COULOMB BIPOLAR BUFFER SET TO 32 Mb
 INFORMATION **** READM2 **** NEW DEFAULT: EXCHANGE BIPOLAR BUFFER SET TO 32 Mb

 *******************************************************************************
 NEW DEFAULT: DFT INTEGRATION GRID INCREASED TO XLGRID
 NEW DEFAULT: DIIS ACCELERATOR ACTIVE
 USE KEYWORD NODIIS TO TURN IT OFF
 *******************************************************************************

 INFORMATION **** TOLINTEG **** COULOMB AND EXCHANGE SERIES TOLERANCES MODIFIED
 INFORMATION **** TOLDEE **** SCF TOL ON TOTAL ENERGY SET TO           8
 *******************************************************************************
 N. OF ATOMS PER CELL         2  COULOMB OVERLAP TOL         (T1) 10**   -8
 NUMBER OF SHELLS            17  COULOMB PENETRATION TOL     (T2) 10**   -8
 NUMBER OF AO                37  EXCHANGE OVERLAP TOL        (T3) 10**   20
 N. OF ELECTRONS PER CELL    20  EXCHANGE PSEUDO OVP (F(G))  (T4) 10**   20
 CORE ELECTRONS PER CELL     12  EXCHANGE PSEUDO OVP (P(G))  (T5) 10**   20
 N. OF SYMMETRY OPERATORS    48  POLE ORDER IN MONO ZONE                  4
 *******************************************************************************
 TYPE OF CALCULATION :  RESTRICTED CLOSED SHELL
 KOHN-SHAM HAMILTONIAN

 (EXCHANGE)[CORRELATION] FUNCTIONAL:(PERDEW-BURKE-ERNZERHOF)[PERDEW-BURKE-ERNZERHOF]


 CAPPA:IS1  6;IS2  6;IS3  6; K PTS MONK NET  16; SYMMOPS:K SPACE  48;G SPACE  48

 *******************************************************************************
 MAX NUMBER OF SCF CYCLES      50  CONVERGENCE ON DELTAP        10**-18
 WEIGHT OF F(I) IN F(I+1)      30% CONVERGENCE ON ENERGY        10**- 8
 SHRINK. FACT.(MONKH.)    6  6  6  NUMBER OF K POINTS IN THE IBZ     16
 SHRINKING FACTOR(GILAT NET)    6  NUMBER OF K POINTS(GILAT NET)     16
 *******************************************************************************
 *** K POINTS COORDINATES (OBLIQUE COORDINATES IN UNITS OF IS =  6)
   1-R(  0  0  0)   2-C(  1  0  0)   3-C(  2  0  0)   4-R(  3  0  0)
   5-C(  1  1  0)   6-C(  2  1  0)   7-C(  3  1  0)   8-C(  4  1  0)
   9-C(  5  1  0)  10-C(  2  2  0)  11-C(  3  2  0)  12-C(  4  2  0)
  13-R(  3  3  0)  14-C(  3  2  1)  15-C(  4  2  1)  16-C(  4  3  1)

 DIRECT LATTICE VECTORS COMPON. (A.U.)     RECIP. LATTICE VECTORS COMPON. (A.U.) 
        X            Y            Z              X            Y            Z
    0.0000000    3.9797632    3.9797632     -0.7893918    0.7893918    0.7893918
    3.9797632    0.0000000    3.9797632      0.7893918   -0.7893918    0.7893918
    3.9797632    3.9797632    0.0000000      0.7893918    0.7893918   -0.7893918

 DISK SPACE FOR EIGENVECTORS (FTN 10)       39701 REALS

 SYMMETRY ADAPTION OF THE BLOCH FUNCTIONS ENABLED
 TTTTTTTTTTTTTTTTTTTTTTTTTTTTTT gordsh1     TELAPSE        0.36 TCPU        0.11

 MATRIX SIZE: P(G)   39969, F(G)   20577, P(G) IRR    2175, F(G) IRR    2175
 MAX G-VECTOR INDEX FOR 1- AND 2-ELECTRON INTEGRALS 319

 TTTTTTTTTTTTTTTTTTTTTTTTTTTTTT INPUT       TELAPSE        0.36 TCPU        0.11

 NEIGHBORS OF THE NON-EQUIVALENT ATOMS

 N = NUMBER OF NEIGHBORS AT DISTANCE R
    ATOM  N     R/ANG      R/AU   NEIGHBORS (ATOM LABELS AND CELL INDICES)
   1 MG   6     2.1060     3.9798    2 O   -1 0 0    2 O    0-1 0    2 O    0 0-1
                                     2 O   -1-1 0    2 O   -1 0-1    2 O    0-1-1
   1 MG  12     2.9783     5.6282    1 MG  -1 0 0    1 MG   1 0 0    1 MG  -1 0 1
                                     1 MG   1 0-1    1 MG  -1 1 0    1 MG   1-1 0
                                     1 MG   0-1 0    1 MG   0 1 0    1 MG   0-1 1
                                     1 MG   0 1-1    1 MG   0 0-1    1 MG   0 0 1
   1 MG   8     3.6477     6.8932    2 O    0 0 0    2 O   -1-1 1    2 O   -1 1-1
                                     2 O    1-1-1    2 O   -2 0 0    2 O    0-2 0
                                     2 O    0 0-2    2 O   -1-1-1
   1 MG   6     4.2120     7.9595    1 MG  -1-1 1    1 MG   1 1-1    1 MG  -1 1-1
                                     1 MG   1-1 1    1 MG  -1 1 1    1 MG   1-1-1
   1 MG  24     4.7092     8.8990    2 O    1 0-1    2 O   -1 0 1    2 O    1-1 0
                                     2 O   -1 1 0    2 O    0 1-1    2 O    0-1 1
                                     2 O   -2 0 1    2 O   -2 1 0    2 O    1 0-2
                                     2 O    1-2 0    2 O    0-2 1    2 O    0 1-2
                                     2 O   -2-1 1    2 O   -2 1-1    2 O   -1-2 1
                                     2 O   -1 1-2    2 O    1-1-2    2 O    1-2-1
                                     2 O   -2-1 0    2 O   -2 0-1    2 O   -1-2 0
                                     2 O   -1 0-2    2 O    0-2-1    2 O    0-1-2
   1 MG  24     5.1586     9.7484    1 MG  -2 0 1    1 MG   2 0-1    1 MG  -2 1 0
                                     1 MG   2-1 0    1 MG  -2 1 1    1 MG   2-1-1
                                     1 MG  -1-1 0    1 MG   1 1 0    1 MG  -1-1 2
                                     1 MG   1 1-2    1 MG  -1 0-1    1 MG   1 0 1
                                     1 MG  -1 0 2    1 MG   1 0-2    1 MG  -1 2-1
                                     1 MG   1-2 1    1 MG  -1 2 0    1 MG   1-2 0
                                     1 MG   0-2 1    1 MG   0 2-1    1 MG   0-1-1
                                     1 MG   0 1 1    1 MG   0-1 2    1 MG   0 1-2

   2 O    6     2.1060     3.9798    1 MG   1 0 0    1 MG   0 1 0    1 MG   0 0 1
                                     1 MG   1 1 0    1 MG   1 0 1    1 MG   0 1 1
   2 O   12     2.9783     5.6282    2 O   -1 0 0    2 O    1 0 0    2 O   -1 0 1
                                     2 O    1 0-1    2 O   -1 1 0    2 O    1-1 0
                                     2 O    0-1 0    2 O    0 1 0    2 O    0-1 1
                                     2 O    0 1-1    2 O    0 0-1    2 O    0 0 1
   2 O    8     3.6477     6.8932    1 MG   0 0 0    1 MG   1 1-1    1 MG   1-1 1
                                     1 MG  -1 1 1    1 MG   2 0 0    1 MG   0 2 0
                                     1 MG   0 0 2    1 MG   1 1 1
   2 O    6     4.2120     7.9595    2 O   -1-1 1    2 O    1 1-1    2 O   -1 1-1
                                     2 O    1-1 1    2 O   -1 1 1    2 O    1-1-1
   2 O   24     4.7092     8.8990    1 MG  -1 0 1    1 MG   1 0-1    1 MG  -1 1 0
                                     1 MG   1-1 0    1 MG   0-1 1    1 MG   0 1-1
                                     1 MG   2 0-1    1 MG   2-1 0    1 MG  -1 0 2
                                     1 MG  -1 2 0    1 MG   0 2-1    1 MG   0-1 2
                                     1 MG   2 1-1    1 MG   2-1 1    1 MG   1 2-1
                                     1 MG   1-1 2    1 MG  -1 1 2    1 MG  -1 2 1
                                     1 MG   2 1 0    1 MG   2 0 1    1 MG   1 2 0
                                     1 MG   1 0 2    1 MG   0 2 1    1 MG   0 1 2
   2 O   24     5.1586     9.7484    2 O   -2 0 1    2 O    2 0-1    2 O   -2 1 0
                                     2 O    2-1 0    2 O   -2 1 1    2 O    2-1-1
                                     2 O   -1-1 0    2 O    1 1 0    2 O   -1-1 2
                                     2 O    1 1-2    2 O   -1 0-1    2 O    1 0 1
                                     2 O   -1 0 2    2 O    1 0-2    2 O   -1 2-1
                                     2 O    1-2 1    2 O   -1 2 0    2 O    1-2 0
                                     2 O    0-2 1    2 O    0 2-1    2 O    0-1-1
                                     2 O    0 1 1    2 O    0-1 2    2 O    0 1-2


 SYMMETRY ALLOWED ELASTIC DISTORTION 1
  0.5773503  0.0000000  0.0000000
  0.0000000  0.5773503  0.0000000
  0.0000000  0.0000000  0.5773503

 THERE ARE NO SYMMETRY ALLOWED DIRECTIONS
 WARNING **** INT_SCREEN **** CELL PARAMETERS OPTIMIZATION ONLY
 TTTTTTTTTTTTTTTTTTTTTTTTTTTTTT SYMM        TELAPSE        0.37 TCPU        0.11
 TTTTTTTTTTTTTTTTTTTTTTTTTTTTTT INT_SCREEN  TELAPSE        0.37 TCPU        0.11

 *******************************************************************************
 *                             OPTIMIZATION STARTS                             *
 *******************************************************************************
 RECLASIFICATION OF INDICES FOR INTEGRAL CALC ACCORDING TO DIFFERENT CRITERIA:
           FIXDELTE                  FIXDELTX              FIXDELTN
          0.10000000E-01           0.80000000                 10
 DEFAULT MAX NUM OF POINTS  100
 *******************************************************************************

 *******************************************************************************
 CELL OPTIMIZATION - POINT    1

 DFT PARAMETERS

     ATOM       ELECTRONS   NET CHARGE   R(ANGSTROM)
   1  12  MG     12.0000      0.0000     1.60000000
   2   8  O       8.0000      0.0000     0.74000000

 SIZE OF GRID=       1292
 TTTTTTTTTTTTTTTTTTTTTTTTTTTTTT MAKE_GRID2  TELAPSE        0.96 TCPU        0.70
 BECKE WEIGHT FUNCTION
 RADSAFE =     2.00
 TOLERANCES - DENSITY:10**- 6; POTENTIAL:10**- 9; GRID WGT:10**-14

 RADIAL INTEGRATION  - INTERVALS (POINTS,UPPER LIMIT):            1( 75,  4.0*R)

 ANGULAR INTEGRATION - INTERVALS (ACCURACY LEVEL [N. POINTS] UPPER LIMIT):
  1(  4[  86]   0.2)  2(  8[ 194]   0.5)  3( 12[ 350]   0.9)  4( 16[ 974]   3.5)
  5( 12[ 350]9999.0)
 TTTTTTTTTTTTTTTTTTTTTTTTTTTTTT INT_CALC    TELAPSE        0.98 TCPU        0.73

 *******************************************************************************
 MgO - PBE/POB-TZVP-REV2 - full geometry optimization                            
 CRYSTAL - SCF - TYPE OF CALCULATION :  RESTRICTED CLOSED SHELL
 *******************************************************************************

 CAPPA:IS1  6;IS2  6;IS3  6; K PTS MONK NET  16; SYMMOPS:K SPACE  48;G SPACE  48

 TTTTTTTTTTTTTTTTTTTTTTTTTTTTTT SDIK        TELAPSE        0.99 TCPU        0.73

 AAAAAAAAAAAAAAAAAAAAAAAAAAAAAAAAAAAAAAAAAAAAAAAAAAAAAAAAAAAAAAAAAAAAAAAAAAAAAAA
         ATOMIC WAVEFUNCTION(S)


 NUCLEAR CHARGE 12.0  SYMMETRY SPECIES            S    P
 N. ELECTRONS   12.0  NUMBER OF PRIMITIVE GTOS   14    7
                      NUMBER OF CONTRACTED GTOS   5    3
                      NUMBER OF CLOSED SHELLS     3    1
                      OPEN SHELL OCCUPATION       0    0

  ZNUC  SCFIT    TOTAL HF ENERGY   KINETIC ENERGY   VIRIAL THEOREM ACCURACY
  12.0     8    -1.994903814E+02  2.003482110E+02 -1.995718306E+00  4.2E-06

 NUCLEAR CHARGE  8.0  SYMMETRY SPECIES            S    P
 N. ELECTRONS    8.0  NUMBER OF PRIMITIVE GTOS   10    6
                      NUMBER OF CONTRACTED GTOS   4    3
                      NUMBER OF CLOSED SHELLS     2    0
                      OPEN SHELL OCCUPATION       0    4

  ZNUC  SCFIT    TOTAL HF ENERGY   KINETIC ENERGY   VIRIAL THEOREM ACCURACY
   8.0    13    -7.480300556E+01  7.484348362E+01 -1.999459164E+00  4.9E-06

 AAAAAAAAAAAAAAAAAAAAAAAAAAAAAAAAAAAAAAAAAAAAAAAAAAAAAAAAAAAAAAAAAAAAAAAAAAAAAAA

 CHARGE NORMALIZATION FACTOR   1.00000000
 TOTAL ATOMIC CHARGES:
  12.0000000   8.0000000
 TTTTTTTTTTTTTTTTTTTTTTTTTTTTTT MOQGAD      TELAPSE        1.01 TCPU        0.75
 TTTTTTTTTTTTTTTTTTTTTTTTTTTTTT SHELLXN     TELAPSE        2.94 TCPU        4.60
 TTTTTTTTTTTTTTTTTTTTTTTTTTTTTT MONMO3      TELAPSE        2.95 TCPU        4.62
 NUMERICALLY INTEGRATED DENSITY     20.0000302806
 TTTTTTTTTTTTTTTTTTTTTTTTTTTTTT NUMDFT      TELAPSE        3.17 TCPU        5.06
 CYC   0 ETOT(AU) -2.752279966014E+02 DETOT -2.75E+02 tst  0.00E+00 PX  1.00E+00
 TTTTTTTTTTTTTTTTTTTTTTTTTTTTTT DIIS        TELAPSE        3.17 TCPU        5.07
 TTTTTTTTTTTTTTTTTTTTTTTTTTTTTT FDIK        TELAPSE        3.18 TCPU        5.08
 INSULATING STATE
 TOP OF VALENCE BANDS -    BAND     10; K    1; EIG -3.1066552E-01 AU
 BOTTOM OF VIRTUAL BANDS - BAND     11; K    1; EIG -5.4645180E-02 AU
 DIRECT ENERGY BAND GAP:   6.9667 eV
 TTTTTTTTTTTTTTTTTTTTTTTTTTTTTT PDIG        TELAPSE        3.20 TCPU        5.12
 CHARGE NORMALIZATION FACTOR   1.00000000
 TOTAL ATOMIC CHARGES:
  10.5151906   9.4848094
 TTTTTTTTTTTTTTTTTTTTTTTTTTTTTT MOQGAD      TELAPSE        3.22 TCPU        5.16
 TTTTTTTTTTTTTTTTTTTTTTTTTTTTTT SHELLXN     TELAPSE        5.30 TCPU        9.32
 TTTTTTTTTTTTTTTTTTTTTTTTTTTTTT MONMO3      TELAPSE        5.31 TCPU        9.34
 NUMERICALLY INTEGRATED DENSITY     20.0000320090
 TTTTTTTTTTTTTTTTTTTTTTTTTTTTTT NUMDFT      TELAPSE        5.54 TCPU        9.80
 CYC   1 ETOT(AU) -2.751974308259E+02 DETOT  3.06E-02 tst  0.00E+00 PX  1.00E+00
 TTTTTTTTTTTTTTTTTTTTTTTTTTTTTT DIIS        TELAPSE        5.54 TCPU        9.81
 DIIS TEST: 0.94550E+00 AT SCF   CYCLE   1 - MIX   30 %
 TTTTTTTTTTTTTTTTTTTTTTTTTTTTTT FDIK        TELAPSE        5.55 TCPU        9.82
 INSULATING STATE
 TOP OF VALENCE BANDS -    BAND     10; K    1; EIG -3.5037654E-02 AU
 BOTTOM OF VIRTUAL BANDS - BAND     11; K    1; EIG  8.0960152E-02 AU
 DIRECT ENERGY BAND GAP:   3.1565 eV
 TTTTTTTTTTTTTTTTTTTTTTTTTTTTTT PDIG        TELAPSE        5.57 TCPU        9.86
 CHARGE NORMALIZATION FACTOR   1.00000000
 TOTAL ATOMIC CHARGES:
  11.1201337   8.8798663
 TTTTTTTTTTTTTTTTTTTTTTTTTTTTTT MOQGAD      TELAPSE        5.59 TCPU        9.90
 TTTTTTTTTTTTTTTTTTTTTTTTTTTTTT SHELLXN     TELAPSE        7.65 TCPU       14.03
 TTTTTTTTTTTTTTTTTTTTTTTTTTTTTT MONMO3      TELAPSE        7.67 TCPU       14.06
 NUMERICALLY INTEGRATED DENSITY     20.0000535490
 TTTTTTTTTTTTTTTTTTTTTTTTTTTTTT NUMDFT      TELAPSE        7.89 TCPU       14.50
 CYC   2 ETOT(AU) -2.751929533843E+02 DETOT  4.48E-03 tst  2.98E-02 PX  1.77E-01
 TTTTTTTTTTTTTTTTTTTTTTTTTTTTTT DIIS        TELAPSE        7.89 TCPU       14.51
 DIIS TEST: 0.11009E+01 AT SCF   CYCLE   2 - DIIS ACTIVE - HISTORY:     2 CYCLES
 TTTTTTTTTTTTTTTTTTTTTTTTTTTTTT FDIK        TELAPSE        7.90 TCPU       14.52
 INSULATING STATE
 TOP OF VALENCE BANDS -    BAND     10; K    1; EIG -1.5738818E-01 AU
 BOTTOM OF VIRTUAL BANDS - BAND     11; K    1; EIG  1.8052068E-02 AU
 DIRECT ENERGY BAND GAP:   4.7740 eV
 TTTTTTTTTTTTTTTTTTTTTTTTTTTTTT PDIG        TELAPSE        7.92 TCPU       14.56
 CHARGE NORMALIZATION FACTOR   1.00000000
 TOTAL ATOMIC CHARGES:
  10.7437231   9.2562769
 TTTTTTTTTTTTTTTTTTTTTTTTTTTTTT MOQGAD      TELAPSE        7.94 TCPU       14.60
 TTTTTTTTTTTTTTTTTTTTTTTTTTTTTT SHELLXN     TELAPSE       10.04 TCPU       18.75
 TTTTTTTTTTTTTTTTTTTTTTTTTTTTTT MONMO3      TELAPSE       10.06 TCPU       18.77
 NUMERICALLY INTEGRATED DENSITY     20.0000436035
 TTTTTTTTTTTTTTTTTTTTTTTTTTTTTT NUMDFT      TELAPSE       10.28 TCPU       19.21
 CYC   3 ETOT(AU) -2.753177871087E+02 DETOT -1.25E-01 tst  5.52E-03 PX  8.38E-02
 TTTTTTTTTTTTTTTTTTTTTTTTTTTTTT DIIS        TELAPSE       10.28 TCPU       19.22
 DIIS TEST: 0.30287E-02 AT SCF   CYCLE   3 - DIIS ACTIVE - HISTORY:     3 CYCLES
 TTTTTTTTTTTTTTTTTTTTTTTTTTTTTT FDIK        TELAPSE       10.28 TCPU       19.23
 INSULATING STATE
 TOP OF VALENCE BANDS -    BAND     10; K    1; EIG -1.6015534E-01 AU
 BOTTOM OF VIRTUAL BANDS - BAND     11; K    1; EIG  1.6543540E-02 AU
 DIRECT ENERGY BAND GAP:   4.8082 eV
 TTTTTTTTTTTTTTTTTTTTTTTTTTTTTT PDIG        TELAPSE       10.31 TCPU       19.27
 CHARGE NORMALIZATION FACTOR   1.00000000
 TOTAL ATOMIC CHARGES:
  10.7333744   9.2666256
 TTTTTTTTTTTTTTTTTTTTTTTTTTTTTT MOQGAD      TELAPSE       10.32 TCPU       19.31
 TTTTTTTTTTTTTTTTTTTTTTTTTTTTTT SHELLXN     TELAPSE       12.40 TCPU       23.45
 TTTTTTTTTTTTTTTTTTTTTTTTTTTTTT MONMO3      TELAPSE       12.41 TCPU       23.47
 NUMERICALLY INTEGRATED DENSITY     20.0000434363
 TTTTTTTTTTTTTTTTTTTTTTTTTTTTTT NUMDFT      TELAPSE       12.63 TCPU       23.92
 CYC   4 ETOT(AU) -2.753180565101E+02 DETOT -2.69E-04 tst  3.89E-06 PX  1.00E-02
 TTTTTTTTTTTTTTTTTTTTTTTTTTTTTT DIIS        TELAPSE       12.64 TCPU       23.93
 DIIS TEST: 0.39206E-03 AT SCF   CYCLE   4 - DIIS ACTIVE - HISTORY:     4 CYCLES
 TTTTTTTTTTTTTTTTTTTTTTTTTTTTTT FDIK        TELAPSE       12.64 TCPU       23.94
 INSULATING STATE
 TOP OF VALENCE BANDS -    BAND     10; K    1; EIG -1.6254972E-01 AU
 BOTTOM OF VIRTUAL BANDS - BAND     11; K    1; EIG  1.4867196E-02 AU
 DIRECT ENERGY BAND GAP:   4.8278 eV
 TTTTTTTTTTTTTTTTTTTTTTTTTTTTTT PDIG        TELAPSE       12.66 TCPU       23.98
 CHARGE NORMALIZATION FACTOR   1.00000000
 TOTAL ATOMIC CHARGES:
  10.7292981   9.2707019
 TTTTTTTTTTTTTTTTTTTTTTTTTTTTTT MOQGAD      TELAPSE       12.68 TCPU       24.02
 TTTTTTTTTTTTTTTTTTTTTTTTTTTTTT SHELLXN     TELAPSE       14.75 TCPU       28.16
 TTTTTTTTTTTTTTTTTTTTTTTTTTTTTT MONMO3      TELAPSE       14.76 TCPU       28.18
 NUMERICALLY INTEGRATED DENSITY     20.0000432923
 TTTTTTTTTTTTTTTTTTTTTTTTTTTTTT NUMDFT      TELAPSE       14.98 TCPU       28.62
 CYC   5 ETOT(AU) -2.753180969671E+02 DETOT -4.05E-05 tst  1.12E-06 PX  1.51E-03
 TTTTTTTTTTTTTTTTTTTTTTTTTTTTTT DIIS        TELAPSE       14.99 TCPU       28.63
 DIIS TEST: 0.14208E-04 AT SCF   CYCLE   5 - DIIS ACTIVE - HISTORY:     5 CYCLES
 TTTTTTTTTTTTTTTTTTTTTTTTTTTTTT FDIK        TELAPSE       14.99 TCPU       28.64
 INSULATING STATE
 TOP OF VALENCE BANDS -    BAND     10; K    1; EIG -1.6330797E-01 AU
 BOTTOM OF VIRTUAL BANDS - BAND     11; K    1; EIG  1.4344979E-02 AU
 DIRECT ENERGY BAND GAP:   4.8342 eV
 TTTTTTTTTTTTTTTTTTTTTTTTTTTTTT PDIG        TELAPSE       15.01 TCPU       28.68
 CHARGE NORMALIZATION FACTOR   1.00000000
 TOTAL ATOMIC CHARGES:
  10.7282173   9.2717827
 TTTTTTTTTTTTTTTTTTTTTTTTTTTTTT MOQGAD      TELAPSE       15.03 TCPU       28.72
 TTTTTTTTTTTTTTTTTTTTTTTTTTTTTT SHELLXN     TELAPSE       17.10 TCPU       32.85
 TTTTTTTTTTTTTTTTTTTTTTTTTTTTTT MONMO3      TELAPSE       17.11 TCPU       32.88
 NUMERICALLY INTEGRATED DENSITY     20.0000432546
 TTTTTTTTTTTTTTTTTTTTTTTTTTTTTT NUMDFT      TELAPSE       17.33 TCPU       33.32
 CYC   6 ETOT(AU) -2.753180986277E+02 DETOT -1.66E-06 tst  8.35E-08 PX  3.22E-04
 TTTTTTTTTTTTTTTTTTTTTTTTTTTTTT DIIS        TELAPSE       17.34 TCPU       33.33
 DIIS TEST: 0.38668E-07 AT SCF   CYCLE   6 - DIIS ACTIVE - HISTORY:     6 CYCLES
 TTTTTTTTTTTTTTTTTTTTTTTTTTTTTT FDIK        TELAPSE       17.34 TCPU       33.33
 INSULATING STATE
 TOP OF VALENCE BANDS -    BAND     10; K    1; EIG -1.6335186E-01 AU
 BOTTOM OF VIRTUAL BANDS - BAND     11; K    1; EIG  1.4312026E-02 AU
 DIRECT ENERGY BAND GAP:   4.8345 eV
 TTTTTTTTTTTTTTTTTTTTTTTTTTTTTT PDIG        TELAPSE       17.36 TCPU       33.37
 CHARGE NORMALIZATION FACTOR   1.00000000
 TOTAL ATOMIC CHARGES:
  10.7281570   9.2718430
 TTTTTTTTTTTTTTTTTTTTTTTTTTTTTT MOQGAD      TELAPSE       17.38 TCPU       33.41
 TTTTTTTTTTTTTTTTTTTTTTTTTTTTTT SHELLXN     TELAPSE       19.48 TCPU       37.55
 TTTTTTTTTTTTTTTTTTTTTTTTTTTTTT MONMO3      TELAPSE       19.49 TCPU       37.57
 NUMERICALLY INTEGRATED DENSITY     20.0000432527
 TTTTTTTTTTTTTTTTTTTTTTTTTTTTTT NUMDFT      TELAPSE       19.71 TCPU       38.01
 CYC   7 ETOT(AU) -2.753180986309E+02 DETOT -3.21E-09 tst  2.11E-10 PX  1.78E-05
 TTTTTTTTTTTTTTTTTTTTTTTTTTTTTT DIIS        TELAPSE       19.71 TCPU       38.02
 DIIS TEST: 0.79190E-12 AT SCF   CYCLE   7 - DIIS ACTIVE - HISTORY:     7 CYCLES
 TTTTTTTTTTTTTTTTTTTTTTTTTTTTTT FDIK        TELAPSE       19.72 TCPU       38.03
 INSULATING STATE
 TOP OF VALENCE BANDS -    BAND     10; K    1; EIG -1.6335271E-01 AU
 BOTTOM OF VIRTUAL BANDS - BAND     11; K    1; EIG  1.4311307E-02 AU
 DIRECT ENERGY BAND GAP:   4.8345 eV
 TTTTTTTTTTTTTTTTTTTTTTTTTTTTTT PDIG        TELAPSE       19.74 TCPU       38.07
 CHARGE NORMALIZATION FACTOR   1.00000000
 TOTAL ATOMIC CHARGES:
  10.7281563   9.2718437
 TTTTTTTTTTTTTTTTTTTTTTTTTTTTTT MOQGAD      TELAPSE       19.76 TCPU       38.11
 TTTTTTTTTTTTTTTTTTTTTTTTTTTTTT SHELLXN     TELAPSE       21.83 TCPU       42.25
 +++ ENERGIES IN A.U. +++
 ::: EXT EL-POLE                                  -4.8742383578758E+02
 ::: EXT EL-SPHEROPOLE                             4.5351371337761E+00
 ::: BIELET ZONE E-E                               5.5381935528887E+02
 ::: TOTAL E-E                                     7.0930656635068E+01
 ::: TOTAL E-N + N-E                              -5.2256989160224E+02
 ::: TOTAL N-N                                    -7.3049573791351E+01
 ::: KINETIC ENERGY                                2.7446680861742E+02
 ::: PSEUDO TOTAL   ENERGY                        -2.5022200014111E+02
 ::: VIRIAL COEFFICIENT                            1.0462079771316E+00
 TTTTTTTTTTTTTTTTTTTTTTTTTTTTTT MONMO3      TELAPSE       21.84 TCPU       42.27
 NUMERICALLY INTEGRATED DENSITY     20.0000432527
 EXCHANGE ENERGY: -0.243620890484E+02  CORRELATION ENERGY: -0.734009441259E+00
 TTTTTTTTTTTTTTTTTTTTTTTTTTTTTT NUMDFT      TELAPSE       22.06 TCPU       42.71
 CYC   8 ETOT(AU) -2.753180986308E+02 DETOT  5.28E-11 tst  1.53E-14 PX  1.78E-05

 == SCF ENDED - CONVERGENCE ON ENERGY      E(AU) -2.7531809863081E+02 CYCLES   8


 ENERGY EXPRESSION=HARTREE+FOCK EXCH*0.00000+(PBE        EXCH)*1.00000+PBE        CORR


 TOTAL ENERGY(DFT)(AU)(  8) -2.7531809863081E+02 DE 5.3E-11 tester 1.5E-14
 TTTTTTTTTTTTTTTTTTTTTTTTTTTTTT EDFT        TELAPSE       22.06 TCPU       42.71

 *******************************************************************************
 *                             FORCE CALCULATION                               *
 *******************************************************************************

 TTTTTTTTTTTTTTTTTTTTTTTTTTTTTT NUMDFG      TELAPSE       25.61 TCPU       49.80
 INFORMATION **** EXCPOG **** EXCH. BIPO BUFFER LENGTH (WORDS) =           0
 INFORMATION **** GENPOG **** BIPO BUFFER LENGTH (WORDS) =      361100
 TTTTTTTTTTTTTTTTTTTTTTTTTTTTTT SHELXG      TELAPSE       37.04 TCPU       72.59

 CARTESIAN FORCES IN HARTREE/BOHR (ANALYTICAL)
   ATOM                     X                   Y                   Z
   1  12            -5.797399427333E-16  1.992549886835E-18  7.145565612126E-18
   2   8             5.982436598104E-16 -1.355737306001E-17 -7.145565612126E-18

 RESULTANT FORCE     1.850371707709E-17 -1.156482317318E-17  0.000000000000E+00

 ATOMIC PART

 THERE ARE NO SYMMETRY ALLOWED DIRECTIONS

 CELL PART

 GRADIENT WITH RESPECT TO THE CELL PARAMETER IN HARTREE/BOHR
ORDER: -D/DA1X, -D/DA1Y, -D/DA1Z
       -D/DA2X, -D/DA2Y, -D/DA2Z
       -D/DA3X, -D/DA3Y, -D/DA3Z
 -0.352124048989E-02  0.352124048989E-02  0.352124048989E-02
  0.352124048989E-02 -0.352124048989E-02  0.352124048989E-02
  0.352124048989E-02  0.352124048989E-02 -0.352124048989E-02

STRESS TENSOR, IN HARTREE/BOHR^3:
ORDER: 11 12 13
       21 22 23
       31 32 33
 -0.222321372560E-03  0.469020644879E-17  0.186982128033E-16
 -0.280345442348E-16 -0.222321372560E-03 -0.186912865583E-16
  0.140240526142E-16  0.140199115982E-16 -0.222321372560E-03

PRESSURE FROM THE STRESS TENSOR,
IN HARTREE/BOHR^3:  0.22232E-03
PRESSURE IN GIGAPASCAL:  0.6541E+01
CONVERSION FACTOR: 1 HARTREE/BOHR^3= 29421 GIGAPASCAL
WHEN USING VALUES FOR BOHR RADIUS AND HARTREE
FROM IUPAC WEBSITE, APRIL 2009
ENTHALPY: -2.7529007122390E+02

 SYMMETRY ALLOWED FORCES (ANALYTICAL) (DIRECTION, FORCE)

    1  4.8544893E-02
 TTTTTTTTTTTTTTTTTTTTTTTTTTTTTT TOTGRA      TELAPSE       37.37 TCPU       73.25
 INFORMATION **** optc001 **** GEOMETRY OUTPUT FILE
 CLASSICAL MODEL (SCHLEGEL) USED AS INITIAL HESSIAN MATRIX

 SYMMETRY ALLOWED FORCES  (COORDINATE, FORCE)

    1  4.8544893E-02
 REFERENCE GEOMETRY DEFINED

 MAX GRADIENT      0.048545  THRESHOLD              0.000015 CONVERGED NO
 RMS GRADIENT      0.048545  THRESHOLD              0.000010 CONVERGED NO

 GRADIENT NORM     0.048545  GRADIENT THRESHOLD     0.500000

 EIGENVALUES OF THE ESTIMATED HESSIAN
   2.805    

 INITIAL TRUST RADIUS    0.5000000000E+00

 PREDICTED ENERGY CHANGE    -0.420E-03

 INITIAL DISPLACEMENTS
  0.017308
 TTTTTTTTTTTTTTTTTTTTTTTTTTTTTT OPTI        TELAPSE       37.37 TCPU       73.25

 OPTOPTOPTOPTOPTOPTOPTOPTOPTOPTOPTOPTOPTOPTOPTOPTOPTOPTOPTOPTOPTOPTOPTOPTOPTOPT

 - INFORMATION ON SCF MOVED TO SCFOUT.LOG
 GEOMETRY OPTIMIZATION INFORMATION STORED IN OPTINFO.DAT

 OPTOPTOPTOPTOPTOPTOPTOPTOPTOPTOPTOPTOPTOPTOPTOPTOPTOPTOPTOPTOPTOPTOPTOPTOPTOPT
 *******************************************************************************
 CELL OPTIMIZATION - POINT    2
 *******************************************************************************
 LATTICE PARAMETERS (ANGSTROMS AND DEGREES) - BOHR = 0.5291772083 ANGSTROM
 PRIMITIVE CELL - CENTRING CODE 5/0 VOLUME=    19.246865 - DENSITY  3.449 g/cm^3
         A              B              C           ALPHA      BETA       GAMMA 
     3.00809582     3.00809582     3.00809582    60.000000  60.000000  60.000000
 *******************************************************************************
 ATOMS IN THE ASYMMETRIC UNIT    2 - ATOMS IN THE UNIT CELL:    2
     ATOM                 X/A                 Y/B                 Z/C    
 *******************************************************************************
      1 T  12 MG    0.000000000000E+00  0.000000000000E+00  0.000000000000E+00
      2 T   8 O     5.000000000000E-01  5.000000000000E-01  5.000000000000E-01

 TRANSFORMATION MATRIX PRIMITIVE-CRYSTALLOGRAPHIC CELL
 -1.0000  1.0000  1.0000  1.0000 -1.0000  1.0000  1.0000  1.0000 -1.0000

 *******************************************************************************
 CRYSTALLOGRAPHIC CELL (VOLUME=         76.98746014)
         A              B              C           ALPHA      BETA       GAMMA 
     4.25408991     4.25408991     4.25408991    90.000000  90.000000  90.000000

 COORDINATES IN THE CRYSTALLOGRAPHIC CELL
     ATOM                 X/A                 Y/B                 Z/C    
 *******************************************************************************
      1 T  12 MG    0.000000000000E+00  0.000000000000E+00  0.000000000000E+00
      2 T   8 O     5.000000000000E-01  5.000000000000E-01  5.000000000000E-01

 T = ATOM BELONGING TO THE ASYMMETRIC UNIT

 TOTAL ENERGY(DFT)(AU)(  6) -2.7531861725314E+02     DE (AU)   -5.186E-04

 UPDATED TRUST RADIUS     0.100E+01

 SYMMETRY ALLOWED FORCES  (COORDINATE, FORCE)

    1  1.2008726E-02

 GRADIENT NORM     0.012009  GRADIENT THRESHOLD     0.500000

 EIGENVALUES OF THE ESTIMATED HESSIAN
   2.111    

 PREDICTED ENERGY CHANGE    -0.342E-04

 MAX GRADIENT      0.012009  THRESHOLD              0.000015 CONVERGED NO
 RMS GRADIENT      0.012009  THRESHOLD              0.000010 CONVERGED NO
 MAX DISPLAC.      0.005689  THRESHOLD              0.000060 CONVERGED NO
 RMS DISPLAC.      0.005689  THRESHOLD              0.000040 CONVERGED NO
 TTTTTTTTTTTTTTTTTTTTTTTTTTTTTT OPTI        TELAPSE       69.56 TCPU      137.26
 *******************************************************************************
 CELL OPTIMIZATION - POINT    3
 *******************************************************************************
 LATTICE PARAMETERS (ANGSTROMS AND DEGREES) - BOHR = 0.5291772083 ANGSTROM
 PRIMITIVE CELL - CENTRING CODE 5/0 VOLUME=    19.437135 - DENSITY  3.416 g/cm^3
         A              B              C           ALPHA      BETA       GAMMA 
     3.01797578     3.01797578     3.01797578    60.000000  60.000000  60.000000
 *******************************************************************************
 ATOMS IN THE ASYMMETRIC UNIT    2 - ATOMS IN THE UNIT CELL:    2
     ATOM                 X/A                 Y/B                 Z/C    
 *******************************************************************************
      1 T  12 MG    0.000000000000E+00  0.000000000000E+00  0.000000000000E+00
      2 T   8 O    -5.000000000000E-01 -5.000000000000E-01 -5.000000000000E-01

 TRANSFORMATION MATRIX PRIMITIVE-CRYSTALLOGRAPHIC CELL
 -1.0000  1.0000  1.0000  1.0000 -1.0000  1.0000  1.0000  1.0000 -1.0000

 *******************************************************************************
 CRYSTALLOGRAPHIC CELL (VOLUME=         77.74854041)
         A              B              C           ALPHA      BETA       GAMMA 
     4.26806228     4.26806228     4.26806228    90.000000  90.000000  90.000000

 COORDINATES IN THE CRYSTALLOGRAPHIC CELL
     ATOM                 X/A                 Y/B                 Z/C    
 *******************************************************************************
      1 T  12 MG    0.000000000000E+00  0.000000000000E+00  0.000000000000E+00
      2 T   8 O     5.000000000000E-01 -5.000000000000E-01 -5.000000000000E-01

 T = ATOM BELONGING TO THE ASYMMETRIC UNIT

 TOTAL ENERGY(DFT)(AU)(  6) -2.7531865252092E+02     DE (AU)   -3.527E-05

 UPDATED TRUST RADIUS     0.200E+01

 SYMMETRY ALLOWED FORCES  (COORDINATE, FORCE)

    1  4.2991179E-04

 GRADIENT NORM     0.000430  GRADIENT THRESHOLD     0.500000

 EIGENVALUES OF THE ESTIMATED HESSIAN
   2.035    

 PREDICTED ENERGY CHANGE    -0.454E-07

 MAX GRADIENT      0.000430  THRESHOLD              0.000015 CONVERGED NO
 RMS GRADIENT      0.000430  THRESHOLD              0.000010 CONVERGED NO
 MAX DISPLAC.      0.000211  THRESHOLD              0.000060 CONVERGED NO
 RMS DISPLAC.      0.000211  THRESHOLD              0.000040 CONVERGED NO
 TTTTTTTTTTTTTTTTTTTTTTTTTTTTTT OPTI        TELAPSE      101.67 TCPU      201.06
 *******************************************************************************
 CELL OPTIMIZATION - POINT    4
 *******************************************************************************
 LATTICE PARAMETERS (ANGSTROMS AND DEGREES) - BOHR = 0.5291772083 ANGSTROM
 PRIMITIVE CELL - CENTRING CODE 5/0 VOLUME=    19.444247 - DENSITY  3.414 g/cm^3
         A              B              C           ALPHA      BETA       GAMMA 
     3.01834382     3.01834382     3.01834382    60.000000  60.000000  60.000000
 *******************************************************************************
 ATOMS IN THE ASYMMETRIC UNIT    2 - ATOMS IN THE UNIT CELL:    2
     ATOM                 X/A                 Y/B                 Z/C    
 *******************************************************************************
      1 T  12 MG    0.000000000000E+00  0.000000000000E+00  0.000000000000E+00
      2 T   8 O    -5.000000000000E-01 -5.000000000000E-01 -5.000000000000E-01

 TRANSFORMATION MATRIX PRIMITIVE-CRYSTALLOGRAPHIC CELL
 -1.0000  1.0000  1.0000  1.0000 -1.0000  1.0000  1.0000  1.0000 -1.0000

 *******************************************************************************
 CRYSTALLOGRAPHIC CELL (VOLUME=         77.77698799)
         A              B              C           ALPHA      BETA       GAMMA 
     4.26858277     4.26858277     4.26858277    90.000000  90.000000  90.000000

 COORDINATES IN THE CRYSTALLOGRAPHIC CELL
     ATOM                 X/A                 Y/B                 Z/C    
 *******************************************************************************
      1 T  12 MG    0.000000000000E+00  0.000000000000E+00  0.000000000000E+00
      2 T   8 O    -5.000000000000E-01 -5.000000000000E-01 -5.000000000000E-01

 T = ATOM BELONGING TO THE ASYMMETRIC UNIT

 TOTAL ENERGY(DFT)(AU)(  3) -2.7531865256872E+02     DE (AU)   -4.779E-08

 UPDATED TRUST RADIUS     0.400E+01

 SYMMETRY ALLOWED FORCES  (COORDINATE, FORCE)

    1 -4.6637856E-05

 GRADIENT NORM     0.000047  GRADIENT THRESHOLD     0.500000

 EIGENVALUES OF THE ESTIMATED HESSIAN
   2.256    

 PREDICTED ENERGY CHANGE    -0.482E-09

 MAX GRADIENT      0.000047  THRESHOLD              0.000015 CONVERGED NO
 RMS GRADIENT      0.000047  THRESHOLD              0.000010 CONVERGED NO
 MAX DISPLAC.      0.000021  THRESHOLD              0.000060 CONVERGED YES
 RMS DISPLAC.      0.000021  THRESHOLD              0.000040 CONVERGED YES
 TTTTTTTTTTTTTTTTTTTTTTTTTTTTTT OPTI        TELAPSE      126.87 TCPU      251.15
 *******************************************************************************
 CELL OPTIMIZATION - POINT    5
 *******************************************************************************
 LATTICE PARAMETERS (ANGSTROMS AND DEGREES) - BOHR = 0.5291772083 ANGSTROM
 PRIMITIVE CELL - CENTRING CODE 5/0 VOLUME=    19.443551 - DENSITY  3.414 g/cm^3
         A              B              C           ALPHA      BETA       GAMMA 
     3.01830780     3.01830780     3.01830780    60.000000  60.000000  60.000000
 *******************************************************************************
 ATOMS IN THE ASYMMETRIC UNIT    2 - ATOMS IN THE UNIT CELL:    2
     ATOM                 X/A                 Y/B                 Z/C    
 *******************************************************************************
      1 T  12 MG    0.000000000000E+00  0.000000000000E+00  0.000000000000E+00
      2 T   8 O    -5.000000000000E-01  5.000000000000E-01  5.000000000000E-01

 TRANSFORMATION MATRIX PRIMITIVE-CRYSTALLOGRAPHIC CELL
 -1.0000  1.0000  1.0000  1.0000 -1.0000  1.0000  1.0000  1.0000 -1.0000

 *******************************************************************************
 CRYSTALLOGRAPHIC CELL (VOLUME=         77.77420330)
         A              B              C           ALPHA      BETA       GAMMA 
     4.26853182     4.26853182     4.26853182    90.000000  90.000000  90.000000

 COORDINATES IN THE CRYSTALLOGRAPHIC CELL
     ATOM                 X/A                 Y/B                 Z/C    
 *******************************************************************************
      1 T  12 MG    0.000000000000E+00  0.000000000000E+00  0.000000000000E+00
      2 T   8 O    -5.000000000000E-01  5.000000000000E-01  5.000000000000E-01

 T = ATOM BELONGING TO THE ASYMMETRIC UNIT

 TOTAL ENERGY(DFT)(AU)(  3) -2.7531865256874E+02     DE (AU)   -2.569E-11

 UPDATED TRUST RADIUS     0.517E-05
 INFORMATION **** OPTGEN **** TOO SMALL TRUST RADIUS - INDICES UPDATED IN NEXT POINT

 SYMMETRY ALLOWED FORCES  (COORDINATE, FORCE)

    1  7.3081280E-05

 GRADIENT NORM     0.000073  GRADIENT THRESHOLD     0.500000

 EIGENVALUES OF THE ESTIMATED HESSIAN
   5.792    

 PREDICTED ENERGY CHANGE    -0.461E-09

 MAX GRADIENT      0.000073  THRESHOLD              0.000015 CONVERGED NO
 RMS GRADIENT      0.000073  THRESHOLD              0.000010 CONVERGED NO
 MAX DISPLAC.      0.000013  THRESHOLD              0.000060 CONVERGED YES
 RMS DISPLAC.      0.000013  THRESHOLD              0.000040 CONVERGED YES
 TTTTTTTTTTTTTTTTTTTTTTTTTTTTTT OPTI        TELAPSE      151.83 TCPU      300.76
 *******************************************************************************
 CELL OPTIMIZATION - POINT    6
 *******************************************************************************
 LATTICE PARAMETERS (ANGSTROMS AND DEGREES) - BOHR = 0.5291772083 ANGSTROM
 PRIMITIVE CELL - CENTRING CODE 5/0 VOLUME=    19.443976 - DENSITY  3.414 g/cm^3
         A              B              C           ALPHA      BETA       GAMMA 
     3.01832979     3.01832979     3.01832979    60.000000  60.000000  60.000000
 *******************************************************************************
 ATOMS IN THE ASYMMETRIC UNIT    2 - ATOMS IN THE UNIT CELL:    2
     ATOM                 X/A                 Y/B                 Z/C    
 *******************************************************************************
      1 T  12 MG    0.000000000000E+00  0.000000000000E+00  0.000000000000E+00
      2 T   8 O     5.000000000000E-01  5.000000000000E-01  5.000000000000E-01

 TRANSFORMATION MATRIX PRIMITIVE-CRYSTALLOGRAPHIC CELL
 -1.0000  1.0000  1.0000  1.0000 -1.0000  1.0000  1.0000  1.0000 -1.0000

 *******************************************************************************
 CRYSTALLOGRAPHIC CELL (VOLUME=         77.77590316)
         A              B              C           ALPHA      BETA       GAMMA 
     4.26856292     4.26856292     4.26856292    90.000000  90.000000  90.000000

 COORDINATES IN THE CRYSTALLOGRAPHIC CELL
     ATOM                 X/A                 Y/B                 Z/C    
 *******************************************************************************
      1 T  12 MG    0.000000000000E+00  0.000000000000E+00  0.000000000000E+00
      2 T   8 O     5.000000000000E-01  5.000000000000E-01  5.000000000000E-01

 T = ATOM BELONGING TO THE ASYMMETRIC UNIT

 REFERENCE GEOMETRY WILL BE CHANGED

 TOTAL ENERGY(DFT)(AU)(  3) -2.7531866791719E+02     DE (AU)   -1.535E-05

 SYMMETRY ALLOWED FORCES  (COORDINATE, FORCE)

    1 -1.6022124E-04

 GRADIENT NORM     0.000160  GRADIENT THRESHOLD     0.500000

 HESSIAN UPDATE SKIPPED

 EIGENVALUES OF THE ESTIMATED HESSIAN
   5.792    

 PREDICTED ENERGY CHANGE    -0.222E-08

 MAX GRADIENT      0.000160  THRESHOLD              0.000015 CONVERGED NO
 RMS GRADIENT      0.000160  THRESHOLD              0.000010 CONVERGED NO
 MAX DISPLAC.      0.000028  THRESHOLD              0.000060 CONVERGED YES
 RMS DISPLAC.      0.000028  THRESHOLD              0.000040 CONVERGED YES
 TTTTTTTTTTTTTTTTTTTTTTTTTTTTTT OPTI        TELAPSE      175.52 TCPU      347.43
 *******************************************************************************
 CELL OPTIMIZATION - POINT    7
 *******************************************************************************
 LATTICE PARAMETERS (ANGSTROMS AND DEGREES) - BOHR = 0.5291772083 ANGSTROM
 PRIMITIVE CELL - CENTRING CODE 5/0 VOLUME=    19.443044 - DENSITY  3.414 g/cm^3
         A              B              C           ALPHA      BETA       GAMMA 
     3.01828158     3.01828158     3.01828158    60.000000  60.000000  60.000000
 *******************************************************************************
 ATOMS IN THE ASYMMETRIC UNIT    2 - ATOMS IN THE UNIT CELL:    2
     ATOM                 X/A                 Y/B                 Z/C    
 *******************************************************************************
      1 T  12 MG    0.000000000000E+00  0.000000000000E+00  0.000000000000E+00
      2 T   8 O    -5.000000000000E-01 -5.000000000000E-01  5.000000000000E-01

 TRANSFORMATION MATRIX PRIMITIVE-CRYSTALLOGRAPHIC CELL
 -1.0000  1.0000  1.0000  1.0000 -1.0000  1.0000  1.0000  1.0000 -1.0000

 *******************************************************************************
 CRYSTALLOGRAPHIC CELL (VOLUME=         77.77217645)
         A              B              C           ALPHA      BETA       GAMMA 
     4.26849474     4.26849474     4.26849474    90.000000  90.000000  90.000000

 COORDINATES IN THE CRYSTALLOGRAPHIC CELL
     ATOM                 X/A                 Y/B                 Z/C    
 *******************************************************************************
      1 T  12 MG    0.000000000000E+00  0.000000000000E+00  0.000000000000E+00
      2 T   8 O    -5.000000000000E-01 -5.000000000000E-01 -5.000000000000E-01

 T = ATOM BELONGING TO THE ASYMMETRIC UNIT

 TOTAL ENERGY(DFT)(AU)(  3) -2.7531866792017E+02     DE (AU)   -2.983E-09

 UPDATED TRUST RADIUS     0.200E-02

 SYMMETRY ALLOWED FORCES  (COORDINATE, FORCE)

    1 -9.1572303E-05

 GRADIENT NORM     0.000092  GRADIENT THRESHOLD     0.500000

 EIGENVALUES OF THE ESTIMATED HESSIAN
   2.481    

 PREDICTED ENERGY CHANGE    -0.169E-08

 MAX GRADIENT      0.000092  THRESHOLD              0.000015 CONVERGED NO
 RMS GRADIENT      0.000092  THRESHOLD              0.000010 CONVERGED NO
 MAX DISPLAC.      0.000037  THRESHOLD              0.000060 CONVERGED YES
 RMS DISPLAC.      0.000037  THRESHOLD              0.000040 CONVERGED YES
 TTTTTTTTTTTTTTTTTTTTTTTTTTTTTT OPTI        TELAPSE      198.89 TCPU      393.53
 *******************************************************************************
 CELL OPTIMIZATION - POINT    8
 *******************************************************************************
 LATTICE PARAMETERS (ANGSTROMS AND DEGREES) - BOHR = 0.5291772083 ANGSTROM
 PRIMITIVE CELL - CENTRING CODE 5/0 VOLUME=    19.441801 - DENSITY  3.415 g/cm^3
         A              B              C           ALPHA      BETA       GAMMA 
     3.01821727     3.01821727     3.01821727    60.000000  60.000000  60.000000
 *******************************************************************************
 ATOMS IN THE ASYMMETRIC UNIT    2 - ATOMS IN THE UNIT CELL:    2
     ATOM                 X/A                 Y/B                 Z/C    
 *******************************************************************************
      1 T  12 MG    0.000000000000E+00  0.000000000000E+00  0.000000000000E+00
      2 T   8 O    -5.000000000000E-01 -5.000000000000E-01 -5.000000000000E-01

 TRANSFORMATION MATRIX PRIMITIVE-CRYSTALLOGRAPHIC CELL
 -1.0000  1.0000  1.0000  1.0000 -1.0000  1.0000  1.0000  1.0000 -1.0000

 *******************************************************************************
 CRYSTALLOGRAPHIC CELL (VOLUME=         77.76720558)
         A              B              C           ALPHA      BETA       GAMMA 
     4.26840380     4.26840380     4.26840380    90.000000  90.000000  90.000000

 COORDINATES IN THE CRYSTALLOGRAPHIC CELL
     ATOM                 X/A                 Y/B                 Z/C    
 *******************************************************************************
      1 T  12 MG    0.000000000000E+00  0.000000000000E+00  0.000000000000E+00
      2 T   8 O    -5.000000000000E-01 -5.000000000000E-01 -5.000000000000E-01

 T = ATOM BELONGING TO THE ASYMMETRIC UNIT

 TOTAL ENERGY(DFT)(AU)(  3) -2.7531866792183E+02     DE (AU)   -1.659E-09

 UPDATED TRUST RADIUS     0.400E-02

 SYMMETRY ALLOWED FORCES  (COORDINATE, FORCE)

    1 -1.7611603E-05

 GRADIENT NORM     0.000018  GRADIENT THRESHOLD     0.500000

 EIGENVALUES OF THE ESTIMATED HESSIAN
   2.004    

 PREDICTED ENERGY CHANGE    -0.774E-10

 MAX GRADIENT      0.000018  THRESHOLD              0.000015 CONVERGED NO
 RMS GRADIENT      0.000018  THRESHOLD              0.000010 CONVERGED NO
 MAX DISPLAC.      0.000009  THRESHOLD              0.000060 CONVERGED YES
 RMS DISPLAC.      0.000009  THRESHOLD              0.000040 CONVERGED YES
 TTTTTTTTTTTTTTTTTTTTTTTTTTTTTT OPTI        TELAPSE      222.23 TCPU      439.57
 *******************************************************************************
 CELL OPTIMIZATION - POINT    9
 *******************************************************************************
 LATTICE PARAMETERS (ANGSTROMS AND DEGREES) - BOHR = 0.5291772083 ANGSTROM
 PRIMITIVE CELL - CENTRING CODE 5/0 VOLUME=    19.441505 - DENSITY  3.415 g/cm^3
         A              B              C           ALPHA      BETA       GAMMA 
     3.01820196     3.01820196     3.01820196    60.000000  60.000000  60.000000
 *******************************************************************************
 ATOMS IN THE ASYMMETRIC UNIT    2 - ATOMS IN THE UNIT CELL:    2
     ATOM                 X/A                 Y/B                 Z/C    
 *******************************************************************************
      1 T  12 MG    0.000000000000E+00  0.000000000000E+00  0.000000000000E+00
      2 T   8 O     5.000000000000E-01 -5.000000000000E-01 -5.000000000000E-01

 TRANSFORMATION MATRIX PRIMITIVE-CRYSTALLOGRAPHIC CELL
 -1.0000  1.0000  1.0000  1.0000 -1.0000  1.0000  1.0000  1.0000 -1.0000

 *******************************************************************************
 CRYSTALLOGRAPHIC CELL (VOLUME=         77.76602197)
         A              B              C           ALPHA      BETA       GAMMA 
     4.26838215     4.26838215     4.26838215    90.000000  90.000000  90.000000

 COORDINATES IN THE CRYSTALLOGRAPHIC CELL
     ATOM                 X/A                 Y/B                 Z/C    
 *******************************************************************************
      1 T  12 MG    0.000000000000E+00  0.000000000000E+00  0.000000000000E+00
      2 T   8 O     5.000000000000E-01 -5.000000000000E-01 -5.000000000000E-01

 T = ATOM BELONGING TO THE ASYMMETRIC UNIT

 TOTAL ENERGY(DFT)(AU)(  3) -2.7531866792219E+02     DE (AU)   -3.645E-10

 UPDATED TRUST RADIUS     0.800E-02

 SYMMETRY ALLOWED FORCES  (COORDINATE, FORCE)

    1 -1.0409256E-05

 GRADIENT NORM     0.000010  GRADIENT THRESHOLD     0.500000

 EIGENVALUES OF THE ESTIMATED HESSIAN
  0.8196    

 PREDICTED ENERGY CHANGE    -0.661E-10

 MAX GRADIENT      0.000010  THRESHOLD              0.000015 CONVERGED YES
 RMS GRADIENT      0.000010  THRESHOLD              0.000010 CONVERGED NO
 MAX DISPLAC.      0.000013  THRESHOLD              0.000060 CONVERGED YES
 RMS DISPLAC.      0.000013  THRESHOLD              0.000040 CONVERGED YES
 TTTTTTTTTTTTTTTTTTTTTTTTTTTTTT OPTI        TELAPSE      245.65 TCPU      485.71
 *******************************************************************************
 CELL OPTIMIZATION - POINT   10
 *******************************************************************************
 LATTICE PARAMETERS (ANGSTROMS AND DEGREES) - BOHR = 0.5291772083 ANGSTROM
 PRIMITIVE CELL - CENTRING CODE 5/0 VOLUME=    19.441078 - DENSITY  3.415 g/cm^3
         A              B              C           ALPHA      BETA       GAMMA 
     3.01817983     3.01817983     3.01817983    60.000000  60.000000  60.000000
 *******************************************************************************
 ATOMS IN THE ASYMMETRIC UNIT    2 - ATOMS IN THE UNIT CELL:    2
     ATOM                 X/A                 Y/B                 Z/C    
 *******************************************************************************
      1 T  12 MG    0.000000000000E+00  0.000000000000E+00  0.000000000000E+00
      2 T   8 O    -5.000000000000E-01 -5.000000000000E-01 -5.000000000000E-01

 TRANSFORMATION MATRIX PRIMITIVE-CRYSTALLOGRAPHIC CELL
 -1.0000  1.0000  1.0000  1.0000 -1.0000  1.0000  1.0000  1.0000 -1.0000

 *******************************************************************************
 CRYSTALLOGRAPHIC CELL (VOLUME=         77.76431138)
         A              B              C           ALPHA      BETA       GAMMA 
     4.26835085     4.26835085     4.26835085    90.000000  90.000000  90.000000

 COORDINATES IN THE CRYSTALLOGRAPHIC CELL
     ATOM                 X/A                 Y/B                 Z/C    
 *******************************************************************************
      1 T  12 MG    0.000000000000E+00  0.000000000000E+00  0.000000000000E+00
      2 T   8 O    -5.000000000000E-01 -5.000000000000E-01 -5.000000000000E-01

 T = ATOM BELONGING TO THE ASYMMETRIC UNIT

 TOTAL ENERGY(DFT)(AU)(  3) -2.7531866792174E+02     DE (AU)    4.502E-10

 UPDATED TRUST RADIUS     0.317E-05
 INFORMATION **** OPTGEN **** TOO SMALL TRUST RADIUS - INDICES UPDATED IN NEXT POINT

 SYMMETRY ALLOWED FORCES  (COORDINATE, FORCE)

    1  2.2907990E-05

 GRADIENT NORM     0.000023  GRADIENT THRESHOLD     0.500000

 EIGENVALUES OF THE ESTIMATED HESSIAN
   2.623    

 PREDICTED ENERGY CHANGE    -0.100E-09

 MAX GRADIENT      0.000023  THRESHOLD              0.000015 CONVERGED NO
 RMS GRADIENT      0.000023  THRESHOLD              0.000010 CONVERGED NO
 MAX DISPLAC.      0.000009  THRESHOLD              0.000060 CONVERGED YES
 RMS DISPLAC.      0.000009  THRESHOLD              0.000040 CONVERGED YES
 TTTTTTTTTTTTTTTTTTTTTTTTTTTTTT OPTI        TELAPSE      269.22 TCPU      532.21
 *******************************************************************************
 CELL OPTIMIZATION - POINT   11
 *******************************************************************************
 LATTICE PARAMETERS (ANGSTROMS AND DEGREES) - BOHR = 0.5291772083 ANGSTROM
 PRIMITIVE CELL - CENTRING CODE 5/0 VOLUME=    19.441372 - DENSITY  3.415 g/cm^3
         A              B              C           ALPHA      BETA       GAMMA 
     3.01819505     3.01819505     3.01819505    60.000000  60.000000  60.000000
 *******************************************************************************
 ATOMS IN THE ASYMMETRIC UNIT    2 - ATOMS IN THE UNIT CELL:    2
     ATOM                 X/A                 Y/B                 Z/C    
 *******************************************************************************
      1 T  12 MG    0.000000000000E+00  0.000000000000E+00  0.000000000000E+00
      2 T   8 O    -5.000000000000E-01 -5.000000000000E-01  5.000000000000E-01

 TRANSFORMATION MATRIX PRIMITIVE-CRYSTALLOGRAPHIC CELL
 -1.0000  1.0000  1.0000  1.0000 -1.0000  1.0000  1.0000  1.0000 -1.0000

 *******************************************************************************
 CRYSTALLOGRAPHIC CELL (VOLUME=         77.76548752)
         A              B              C           ALPHA      BETA       GAMMA 
     4.26837237     4.26837237     4.26837237    90.000000  90.000000  90.000000

 COORDINATES IN THE CRYSTALLOGRAPHIC CELL
     ATOM                 X/A                 Y/B                 Z/C    
 *******************************************************************************
      1 T  12 MG    0.000000000000E+00  0.000000000000E+00  0.000000000000E+00
      2 T   8 O    -5.000000000000E-01 -5.000000000000E-01 -5.000000000000E-01

 T = ATOM BELONGING TO THE ASYMMETRIC UNIT

 REFERENCE GEOMETRY WILL BE CHANGED

 TOTAL ENERGY(DFT)(AU)(  3) -2.7531866782201E+02     DE (AU)    9.973E-08

 SYMMETRY ALLOWED FORCES  (COORDINATE, FORCE)

    1  4.7918746E-07

 GRADIENT NORM     0.000000  GRADIENT THRESHOLD     0.500000

 HESSIAN UPDATE SKIPPED

 EIGENVALUES OF THE ESTIMATED HESSIAN
   2.623    

 PREDICTED ENERGY CHANGE    -0.438E-13

 MAX GRADIENT      0.000000  THRESHOLD              0.000015 CONVERGED YES
 RMS GRADIENT      0.000000  THRESHOLD              0.000010 CONVERGED YES
 MAX DISPLAC.      0.000000  THRESHOLD              0.000060 CONVERGED YES
 RMS DISPLAC.      0.000000  THRESHOLD              0.000040 CONVERGED YES

 CONVERGENCE TESTS SATISFIED AFTER  11 ENERGY AND GRADIENT CALCULATIONS

 ******************************************************************
 * OPT END - CONVERGED * E(AU):  -2.753186678220E+02  POINTS   11 *
 ******************************************************************

   BAND GAP:                      4.4633  eV 

 EIGENVECTORS IN FORTRAN UNIT  8

 NEIGHBORS OF THE NON-EQUIVALENT ATOMS

 N = NUMBER OF NEIGHBORS AT DISTANCE R
    ATOM  N     R/ANG      R/AU   NEIGHBORS (ATOM LABELS AND CELL INDICES)
   1 MG   6     2.1342     4.0330    2 O   -1 0 0    2 O    0-1 0    2 O    0 0-1
                                     2 O   -1-1 0    2 O   -1 0-1    2 O    0-1-1
   1 MG  12     3.0182     5.7036    1 MG  -1 0 0    1 MG   1 0 0    1 MG  -1 0 1
                                     1 MG   1 0-1    1 MG  -1 1 0    1 MG   1-1 0
                                     1 MG   0-1 0    1 MG   0 1 0    1 MG   0-1 1
                                     1 MG   0 1-1    1 MG   0 0-1    1 MG   0 0 1
   1 MG   8     3.6965     6.9854    2 O    0 0 0    2 O   -1-1 1    2 O   -1 1-1
                                     2 O    1-1-1    2 O   -2 0 0    2 O    0-2 0
                                     2 O    0 0-2    2 O   -1-1-1
   1 MG   6     4.2684     8.0661    1 MG  -1-1 1    1 MG   1 1-1    1 MG  -1 1-1
                                     1 MG   1-1 1    1 MG  -1 1 1    1 MG   1-1-1
   1 MG  24     4.7722     9.0181    2 O    1 0-1    2 O   -1 0 1    2 O    1-1 0
                                     2 O   -1 1 0    2 O    0 1-1    2 O    0-1 1
                                     2 O   -2 0 1    2 O   -2 1 0    2 O    1 0-2
                                     2 O    1-2 0    2 O    0-2 1    2 O    0 1-2
                                     2 O   -2-1 1    2 O   -2 1-1    2 O   -1-2 1
                                     2 O   -1 1-2    2 O    1-1-2    2 O    1-2-1
                                     2 O   -2-1 0    2 O   -2 0-1    2 O   -1-2 0
                                     2 O   -1 0-2    2 O    0-2-1    2 O    0-1-2
   1 MG  24     5.2277     9.8789    1 MG  -2 0 1    1 MG   2 0-1    1 MG  -2 1 0
                                     1 MG   2-1 0    1 MG  -2 1 1    1 MG   2-1-1
                                     1 MG  -1-1 0    1 MG   1 1 0    1 MG  -1-1 2
                                     1 MG   1 1-2    1 MG  -1 0-1    1 MG   1 0 1
                                     1 MG  -1 0 2    1 MG   1 0-2    1 MG  -1 2-1
                                     1 MG   1-2 1    1 MG  -1 2 0    1 MG   1-2 0
                                     1 MG   0-2 1    1 MG   0 2-1    1 MG   0-1-1
                                     1 MG   0 1 1    1 MG   0-1 2    1 MG   0 1-2

   2 O    6     2.1342     4.0330    1 MG   1 0 0    1 MG   0 1 0    1 MG   0 0 1
                                     1 MG   1 1 0    1 MG   1 0 1    1 MG   0 1 1
   2 O   12     3.0182     5.7036    2 O   -1 0 0    2 O    1 0 0    2 O   -1 0 1
                                     2 O    1 0-1    2 O   -1 1 0    2 O    1-1 0
                                     2 O    0-1 0    2 O    0 1 0    2 O    0-1 1
                                     2 O    0 1-1    2 O    0 0-1    2 O    0 0 1
   2 O    8     3.6965     6.9854    1 MG   0 0 0    1 MG   1 1-1    1 MG   1-1 1
                                     1 MG  -1 1 1    1 MG   2 0 0    1 MG   0 2 0
                                     1 MG   0 0 2    1 MG   1 1 1
   2 O    6     4.2684     8.0661    2 O   -1-1 1    2 O    1 1-1    2 O   -1 1-1
                                     2 O    1-1 1    2 O   -1 1 1    2 O    1-1-1
   2 O   24     4.7722     9.0181    1 MG  -1 0 1    1 MG   1 0-1    1 MG  -1 1 0
                                     1 MG   1-1 0    1 MG   0-1 1    1 MG   0 1-1
                                     1 MG   2 0-1    1 MG   2-1 0    1 MG  -1 0 2
                                     1 MG  -1 2 0    1 MG   0 2-1    1 MG   0-1 2
                                     1 MG   2 1-1    1 MG   2-1 1    1 MG   1 2-1
                                     1 MG   1-1 2    1 MG  -1 1 2    1 MG  -1 2 1
                                     1 MG   2 1 0    1 MG   2 0 1    1 MG   1 2 0
                                     1 MG   1 0 2    1 MG   0 2 1    1 MG   0 1 2
   2 O   24     5.2277     9.8789    2 O   -2 0 1    2 O    2 0-1    2 O   -2 1 0
                                     2 O    2-1 0    2 O   -2 1 1    2 O    2-1-1
                                     2 O   -1-1 0    2 O    1 1 0    2 O   -1-1 2
                                     2 O    1 1-2    2 O   -1 0-1    2 O    1 0 1
                                     2 O   -1 0 2    2 O    1 0-2    2 O   -1 2-1
                                     2 O    1-2 1    2 O   -1 2 0    2 O    1-2 0
                                     2 O    0-2 1    2 O    0 2-1    2 O    0-1-1
                                     2 O    0 1 1    2 O    0-1 2    2 O    0 1-2


 FINAL OPTIMIZED GEOMETRY - DIMENSIONALITY OF THE SYSTEM      3
 (NON PERIODIC DIRECTION: LATTICE PARAMETER FORMALLY SET TO 500)
 *******************************************************************************
 LATTICE PARAMETERS (ANGSTROMS AND DEGREES) - BOHR = 0.5291772083 ANGSTROM
 PRIMITIVE CELL - CENTRING CODE 5/0 VOLUME=    19.441372 - DENSITY  3.415 g/cm^3
         A              B              C           ALPHA      BETA       GAMMA 
     3.01819505     3.01819505     3.01819505    60.000000  60.000000  60.000000
 *******************************************************************************
 ATOMS IN THE ASYMMETRIC UNIT    2 - ATOMS IN THE UNIT CELL:    2
     ATOM                 X/A                 Y/B                 Z/C    
 *******************************************************************************
      1 T  12 MG    0.000000000000E+00  0.000000000000E+00  0.000000000000E+00
      2 T   8 O    -5.000000000000E-01 -5.000000000000E-01  5.000000000000E-01

 TRANSFORMATION MATRIX PRIMITIVE-CRYSTALLOGRAPHIC CELL
 -1.0000  1.0000  1.0000  1.0000 -1.0000  1.0000  1.0000  1.0000 -1.0000

 *******************************************************************************
 CRYSTALLOGRAPHIC CELL (VOLUME=         77.76548752)
         A              B              C           ALPHA      BETA       GAMMA 
     4.26837237     4.26837237     4.26837237    90.000000  90.000000  90.000000

 COORDINATES IN THE CRYSTALLOGRAPHIC CELL
     ATOM                 X/A                 Y/B                 Z/C    
 *******************************************************************************
      1 T  12 MG    0.000000000000E+00  0.000000000000E+00  0.000000000000E+00
      2 T   8 O    -5.000000000000E-01 -5.000000000000E-01 -5.000000000000E-01

 T = ATOM BELONGING TO THE ASYMMETRIC UNIT
 INFORMATION **** fort.34 **** GEOMETRY OUTPUT FILE

 DIRECT LATTICE VECTORS CARTESIAN COMPONENTS (ANGSTROM)
          X                    Y                    Z
   0.000000000000E+00   0.213418618349E+01   0.213418618349E+01
   0.213418618349E+01   0.000000000000E+00   0.213418618349E+01
   0.213418618349E+01   0.213418618349E+01   0.000000000000E+00


 CARTESIAN COORDINATES - PRIMITIVE CELL
 *******************************************************************************
 *      ATOM          X(ANGSTROM)         Y(ANGSTROM)         Z(ANGSTROM)
 *******************************************************************************
    1    12 MG    0.000000000000E+00  0.000000000000E+00  0.000000000000E+00
    2     8 O     2.134186183487E+00  2.134186183487E+00  2.134186183487E+00

 ****   48 SYMMOPS - TRANSLATORS IN FRACTIONAL UNITS
 **** MATRICES AND TRANSLATORS IN THE CRYSTALLOGRAPHIC REFERENCE FRAME
   V INV                    ROTATION MATRICES                   TRANSLATORS
   1   1  1.00  0.00  0.00  0.00  1.00  0.00  0.00  0.00  1.00  0.00  0.00  0.00
   2   2  0.00  1.00 -0.00  1.00  0.00  0.00 -1.00 -1.00 -1.00  0.00  0.00  0.00
   3   3 -1.00 -1.00 -1.00 -0.00 -0.00  1.00  0.00  1.00 -0.00  0.00  0.00  0.00
   4   4 -0.00 -0.00  1.00 -1.00 -1.00 -1.00  1.00  0.00  0.00  0.00  0.00  0.00
   5   6  0.00  0.00  1.00  1.00 -0.00  0.00 -0.00  1.00 -0.00  0.00  0.00  0.00
   6   5  0.00  1.00  0.00 -0.00  0.00  1.00  1.00 -0.00 -0.00  0.00  0.00  0.00
   7   8  1.00 -0.00  0.00  0.00  0.00  1.00 -1.00 -1.00 -1.00  0.00  0.00  0.00
   8   7  1.00 -0.00 -0.00 -1.00 -1.00 -1.00  0.00  1.00  0.00  0.00  0.00  0.00
   9  10 -1.00 -1.00 -1.00 -0.00  1.00 -0.00  1.00 -0.00  0.00  0.00  0.00  0.00
  10   9 -0.00  0.00  1.00  0.00  1.00  0.00 -1.00 -1.00 -1.00  0.00  0.00  0.00
  11  12 -0.00  1.00 -0.00 -1.00 -1.00 -1.00  0.00  0.00  1.00  0.00  0.00  0.00
  12  11 -1.00 -1.00 -1.00  1.00 -0.00 -0.00 -0.00  0.00  1.00  0.00  0.00  0.00
  13  13 -0.00 -1.00 -0.00 -1.00 -0.00  0.00  0.00  0.00 -1.00  0.00  0.00  0.00
  14  14 -1.00 -0.00  0.00 -0.00 -1.00 -0.00  1.00  1.00  1.00  0.00  0.00  0.00
  15  16  0.00  0.00 -1.00  1.00  1.00  1.00 -0.00 -1.00 -0.00  0.00  0.00  0.00
  16  15  1.00  1.00  1.00  0.00  0.00 -1.00 -1.00 -0.00  0.00  0.00  0.00  0.00
  17  17 -1.00 -0.00 -0.00 -0.00  0.00 -1.00  0.00 -1.00  0.00  0.00  0.00  0.00
  18  18 -0.00 -0.00 -1.00  0.00 -1.00 -0.00 -1.00  0.00  0.00  0.00  0.00  0.00
  19  21 -0.00  0.00 -1.00 -1.00 -0.00 -0.00  1.00  1.00  1.00  0.00  0.00  0.00
  20  22  1.00  1.00  1.00 -1.00  0.00  0.00  0.00 -1.00 -0.00  0.00  0.00  0.00
  21  19  0.00 -1.00  0.00  1.00  1.00  1.00 -1.00 -0.00 -0.00  0.00  0.00  0.00
  22  20  0.00 -1.00 -0.00 -0.00 -0.00 -1.00  1.00  1.00  1.00  0.00  0.00  0.00
  23  23  1.00  1.00  1.00  0.00 -1.00  0.00 -0.00  0.00 -1.00  0.00  0.00  0.00
  24  24 -1.00  0.00  0.00  1.00  1.00  1.00 -0.00 -0.00 -1.00  0.00  0.00  0.00
  25  25 -1.00 -0.00 -0.00 -0.00 -1.00  0.00  0.00  0.00 -1.00  0.00  0.00  0.00
  26  26 -0.00 -1.00  0.00 -1.00 -0.00 -0.00  1.00  1.00  1.00  0.00  0.00  0.00
  27  27  1.00  1.00  1.00  0.00  0.00 -1.00 -0.00 -1.00  0.00  0.00  0.00  0.00
  28  28  0.00  0.00 -1.00  1.00  1.00  1.00 -1.00 -0.00 -0.00  0.00  0.00  0.00
  29  30 -0.00 -0.00 -1.00 -1.00  0.00 -0.00  0.00 -1.00  0.00  0.00  0.00  0.00
  30  29 -0.00 -1.00 -0.00  0.00 -0.00 -1.00 -1.00  0.00  0.00  0.00  0.00  0.00
  31  32 -1.00  0.00 -0.00 -0.00 -0.00 -1.00  1.00  1.00  1.00  0.00  0.00  0.00
  32  31 -1.00  0.00  0.00  1.00  1.00  1.00 -0.00 -1.00 -0.00  0.00  0.00  0.00
  33  34  1.00  1.00  1.00  0.00 -1.00  0.00 -1.00  0.00 -0.00  0.00  0.00  0.00
  34  33  0.00 -0.00 -1.00 -0.00 -1.00 -0.00  1.00  1.00  1.00  0.00  0.00  0.00
  35  36  0.00 -1.00  0.00  1.00  1.00  1.00 -0.00 -0.00 -1.00  0.00  0.00  0.00
  36  35  1.00  1.00  1.00 -1.00  0.00  0.00  0.00 -0.00 -1.00  0.00  0.00  0.00
  37  37  0.00  1.00  0.00  1.00  0.00 -0.00 -0.00 -0.00  1.00  0.00  0.00  0.00
  38  38  1.00  0.00 -0.00  0.00  1.00  0.00 -1.00 -1.00 -1.00  0.00  0.00  0.00
  39  40 -0.00 -0.00  1.00 -1.00 -1.00 -1.00  0.00  1.00  0.00  0.00  0.00  0.00
  40  39 -1.00 -1.00 -1.00 -0.00 -0.00  1.00  1.00  0.00 -0.00  0.00  0.00  0.00
  41  41  1.00  0.00  0.00  0.00 -0.00  1.00 -0.00  1.00 -0.00  0.00  0.00  0.00
  42  42  0.00  0.00  1.00 -0.00  1.00  0.00  1.00 -0.00 -0.00  0.00  0.00  0.00
  43  45  0.00 -0.00  1.00  1.00  0.00  0.00 -1.00 -1.00 -1.00  0.00  0.00  0.00
  44  46 -1.00 -1.00 -1.00  1.00 -0.00 -0.00 -0.00  1.00  0.00  0.00  0.00  0.00
  45  43 -0.00  1.00 -0.00 -1.00 -1.00 -1.00  1.00  0.00  0.00  0.00  0.00  0.00
  46  44 -0.00  1.00  0.00  0.00  0.00  1.00 -1.00 -1.00 -1.00  0.00  0.00  0.00
  47  47 -1.00 -1.00 -1.00 -0.00  1.00 -0.00  0.00 -0.00  1.00  0.00  0.00  0.00
  48  48  1.00 -0.00 -0.00 -1.00 -1.00 -1.00  0.00  0.00  1.00  0.00  0.00  0.00
 TTTTTTTTTTTTTTTTTTTTTTTTTTTTTT END         TELAPSE      292.59 TCPU      578.29
 EEEEEEEEEE TERMINATION  DATE 03 10 2026 TIME 11:00:28.9
NODE    0 CPU TIME =       578.292
    TOTAL CPU TIME =       578.292

PcrystalOMP finish         : 2026-10-03 11:00:29 +0200
PcrystalOMP exit code      : 0
Wall time (s)          : 293

[stage 7/7] Retrieving persistent CRYSTAL files from the batch node...
  SAVED wave function                -> /home/users/gulian/data/rames_laboratory/lab03/mgo_fullopt.f9
  SAVED formatted wave function      -> /home/users/gulian/data/rames_laboratory/lab03/mgo_fullopt.f98
  SAVED optimization Hessian         -> /home/users/gulian/data/rames_laboratory/lab03/mgo_fullopt.hessopt
  SAVED optimization restart         -> /home/users/gulian/data/rames_laboratory/lab03/mgo_fullopt.optinfo
  SAVED multi-point SCF log          -> /home/users/gulian/data/rames_laboratory/lab03/mgo_fullopt.SCFLOG
  SAVED restart density matrix       -> /home/users/gulian/data/rames_laboratory/lab03/mgo_fullopt.f20
  SAVED XYZ coordinates              -> /home/users/gulian/data/rames_laboratory/lab03/mgo_fullopt.xyz
  SAVED GUI geometry                 -> /home/users/gulian/data/rames_laboratory/lab03/mgo_fullopt.gui
  SAVED optimization history         -> /home/users/gulian/data/rames_laboratory/lab03/mgo_fullopt.optstory/
Persistent files saved: 19

=====================================================================
CluMiner CRYSTAL23 job summary
=====================================================================
Calculation type      : CRYSTAL
Job ID                : 145
Executable            : PcrystalOMP
Execution mode        : MPI + OpenMP
Program exit code     : 0
Wall time (s)          : 293
Persistent files       : 19
Retrieval status       : PASS
Job status             : COMPLETED
=====================================================================

Scratch cleanup        : removing node-local directories
node04	REMOVED	/scratch/gulian/crystal23/145
